## ffmpeg yuyv
Input #0, video4linux2,v4l2, from '/dev/video1':
  Duration: N/A, start: 209335.247366, bitrate: 108134 kb/s
  Stream #0:0: Video: rawvideo (YUY2 / 0x32595559), yuyv422, 640x480, 108134 kb/s, 22 fps, 22 tbr, 1000k tbn, 1000k tbc
Stream mapping:
  Stream #0:0 -> #0:0 (rawvideo (native) -> mjpeg (native))
Press [q] to stop, [?] for help
[swscaler @ 0xaaab0b5b7a30] deprecated pixel format used, make sure you did set range correctly
Output #0, image2, to 'ffmpeg_yuyv_640x480.jpg':
  Metadata:
    encoder         : Lavf58.76.100
  Stream #0:0: Video: mjpeg, yuvj422p(pc, progressive), 640x480, q=2-31, 200 kb/s, 22 fps, 22 tbn
    Metadata:
      encoder         : Lavc58.134.100 mjpeg
    Side data:
      cpb: bitrate max/min/avg: 0/0/200000 buffer size: 0 vbv_delay: N/A
frame=    1 fps=0.0 q=1.6 size=N/A time=00:00:00.04 bitrate=N/A speed=4.55e+04x    frame=    1 fps=0.0 q=1.6 Lsize=N/A time=00:00:00.04 bitrate=N/A speed=0.212x    
video:3kB audio:0kB subtitle:0kB other streams:0kB global headers:0kB muxing overhead: unknown
## ffmpeg mjpg
[mjpeg @ 0xaaaad8643830] EOI missing, emulating
Input #0, video4linux2,v4l2, from '/dev/video1':
  Duration: N/A, start: 209336.046637, bitrate: N/A
  Stream #0:0: Video: mjpeg (Baseline), yuvj422p(pc, bt470bg/unknown/unknown), 640x480 [SAR 1:1 DAR 4:3], 30 fps, 30 tbr, 1000k tbn, 1000k tbc
Stream mapping:
  Stream #0:0 -> #0:0 (mjpeg (native) -> mjpeg (native))
Press [q] to stop, [?] for help
Output #0, image2, to 'ffmpeg_mjpg_640x480.jpg':
  Metadata:
    encoder         : Lavf58.76.100
  Stream #0:0: Video: mjpeg, yuvj422p(pc, bt470bg/unknown/unknown, progressive), 640x480 [SAR 1:1 DAR 4:3], q=2-31, 200 kb/s, 30 fps, 30 tbn
    Metadata:
      encoder         : Lavc58.134.100 mjpeg
    Side data:
      cpb: bitrate max/min/avg: 0/0/200000 buffer size: 0 vbv_delay: N/A
frame=    1 fps=0.0 q=1.6 size=N/A time=00:00:00.03 bitrate=N/A speed=1.67e+04x    frame=    1 fps=0.0 q=1.6 Lsize=N/A time=00:00:00.03 bitrate=N/A speed=1.31x    
video:3kB audio:0kB subtitle:0kB other streams:0kB global headers:0kB muxing overhead: unknown
[
  {
    "file": "ffmpeg_yuyv_640x480.jpg",
    "read": true,
    "shape": [
      480,
      640,
      3
    ],
    "mean_gray": 0.019016927083333333,
    "max_gray": 1,
    "nonblack_pixels_gt10": 0,
    "edge_pixels": 0
  },
  {
    "file": "ffmpeg_mjpg_640x480.jpg",
    "read": true,
    "shape": [
      480,
      640,
      3
    ],
    "mean_gray": 1.0,
    "max_gray": 1,
    "nonblack_pixels_gt10": 0,
    "edge_pixels": 0
  }
]
