== date ==
2026-06-10T03:50:56+08:00
== v4l2-ctl --list-devices ==
cedrus (platform:cedrus):
	/dev/video0
	/dev/media0

USB Composite Device: DV20 USB  (usb-5310000.usb-1):
	/dev/video1
	/dev/video2
	/dev/media1

== v4l2-ctl --all -d /dev/video1 ==
Driver Info:
	Driver name      : uvcvideo
	Card type        : USB Composite Device: DV20 USB 
	Bus info         : usb-5310000.usb-1
	Driver version   : 6.1.31
	Capabilities     : 0x84a00001
		Video Capture
		Metadata Capture
		Streaming
		Extended Pix Format
		Device Capabilities
	Device Caps      : 0x04200001
		Video Capture
		Streaming
		Extended Pix Format
Media Driver Info:
	Driver name      : uvcvideo
	Model            : USB Composite Device: DV20 USB 
	Serial           : 
	Bus info         : usb-5310000.usb-1
	Media version    : 6.1.31
	Hardware revision: 0x00000100 (256)
	Driver version   : 6.1.31
Interface Info:
	ID               : 0x03000002
	Type             : V4L Video
Entity Info:
	ID               : 0x00000001 (1)
	Name             : USB Composite Device: DV20 USB 
	Function         : V4L2 I/O
	Flags            : default
	Pad 0x01000007   : 0: Sink
	  Link 0x02000010: from remote pad 0x100000a of entity 'Extension 3' (Video Pixel Formatter): Data, Enabled, Immutable
Priority: 2
Video input : 0 (Input 1: ok)
Format Video Capture:
	Width/Height      : 640/480
	Pixel Format      : 'YUYV' (YUYV 4:2:2)
	Field             : None
	Bytes per Line    : 1280
	Size Image        : 614400
	Colorspace        : sRGB
	Transfer Function : Rec. 709
	YCbCr/HSV Encoding: ITU-R 601
	Quantization      : Default (maps to Limited Range)
	Flags             : 
Crop Capability Video Capture:
	Bounds      : Left 0, Top 0, Width 640, Height 480
	Default     : Left 0, Top 0, Width 640, Height 480
	Pixel Aspect: 1/1
Selection Video Capture: crop_default, Left 0, Top 0, Width 640, Height 480, Flags: 
Selection Video Capture: crop_bounds, Left 0, Top 0, Width 640, Height 480, Flags: 
Streaming Parameters Video Capture:
	Capabilities     : timeperframe
	Frames per second: 22.000 (22/1)
	Read buffers     : 0

User Controls

                     brightness 0x00980900 (int)    : min=-127 max=127 step=1 default=0 value=0
                       contrast 0x00980901 (int)    : min=0 max=511 step=1 default=256 value=0
                     saturation 0x00980902 (int)    : min=0 max=511 step=1 default=256 value=0
                          gamma 0x00980910 (int)    : min=10 max=30 step=10 default=20 value=10
                           gain 0x00980913 (int)    : min=1 max=7 step=1 default=4 value=4
           power_line_frequency 0x00980918 (menu)   : min=0 max=2 default=0 value=0 (Disabled)
				0: Disabled
				1: 50 Hz
				2: 60 Hz
      white_balance_temperature 0x0098091a (int)    : min=0 max=6500 step=1 default=4500 value=4500
                      sharpness 0x0098091b (int)    : min=0 max=256 step=1 default=128 value=0
         backlight_compensation 0x0098091c (int)    : min=0 max=255 step=1 default=0 value=0

Camera Controls

                  auto_exposure 0x009a0901 (menu)   : min=0 max=3 default=3 value=3 (Aperture Priority Mode)
				1: Manual Mode
				3: Aperture Priority Mode
         exposure_time_absolute 0x009a0902 (int)    : min=80 max=100000 step=1 default=80 value=80 flags=inactive
== v4l2-ctl --list-formats-ext -d /dev/video1 ==
ioctl: VIDIOC_ENUM_FMT
	Type: Video Capture

	[0]: 'MJPG' (Motion-JPEG, compressed)
		Size: Discrete 1280x720
			Interval: Discrete 0.033s (30.000 fps)
		Size: Discrete 640x480
			Interval: Discrete 0.033s (30.000 fps)
		Size: Discrete 480x320
			Interval: Discrete 0.033s (30.000 fps)
		Size: Discrete 1920x1080
			Interval: Discrete 0.033s (30.000 fps)
	[1]: 'YUYV' (YUYV 4:2:2)
		Size: Discrete 640x480
			Interval: Discrete 0.045s (22.000 fps)
		Size: Discrete 320x240
			Interval: Discrete 0.040s (25.000 fps)
			Interval: Discrete 0.050s (20.000 fps)
== v4l2-ctl --list-ctrls -d /dev/video1 ==

User Controls

                     brightness 0x00980900 (int)    : min=-127 max=127 step=1 default=0 value=0
                       contrast 0x00980901 (int)    : min=0 max=511 step=1 default=256 value=0
                     saturation 0x00980902 (int)    : min=0 max=511 step=1 default=256 value=0
                          gamma 0x00980910 (int)    : min=10 max=30 step=10 default=20 value=10
                           gain 0x00980913 (int)    : min=1 max=7 step=1 default=4 value=4
           power_line_frequency 0x00980918 (menu)   : min=0 max=2 default=0 value=0 (Disabled)
      white_balance_temperature 0x0098091a (int)    : min=0 max=6500 step=1 default=4500 value=4500
                      sharpness 0x0098091b (int)    : min=0 max=256 step=1 default=128 value=0
         backlight_compensation 0x0098091c (int)    : min=0 max=255 step=1 default=0 value=0

Camera Controls

                  auto_exposure 0x009a0901 (menu)   : min=0 max=3 default=3 value=3 (Aperture Priority Mode)
         exposure_time_absolute 0x009a0902 (int)    : min=80 max=100000 step=1 default=80 value=80 flags=inactive
== ls -l /dev/video* ==
crw-rw----+ 1 root video 81, 0 Jun  8 13:17 /dev/video0
crw-rw----+ 1 root video 81, 1 Jun  8 13:17 /dev/video1
crw-rw----+ 1 root video 81, 2 Jun  8 13:17 /dev/video2
== lsof /dev/video1 || true ==
== fuser -v /dev/video1 || true ==
== process camera hints ==
