run_started=2026-06-11 09:20:01 CST
01_upper_status /api/status http=200
02_upper_camera_health /api/camera/health http=200
03_upper_radar_status_before /api/radar/status http=200
04_upper_map_list_before /api/map/list http=200
05_upper_map_proof_latest_before /api/map/proof/latest http=200
06_upper_localize_proof_latest_before /api/localize/proof/latest http=200
07_upper_nav2_proof_latest_before /api/nav2/proof/latest http=200
08_upper_operator_report_before /api/operator/report http=200
09_upper_base_status_before /api/base/status http=200
10_pc_radar_start http=200
11_pc_radar_scan_proof_refresh http=200
12_pc_radar_stop http=200
13_pc_map_save http=502
14_pc_map_list http=200
15_pc_nav2_proof_refresh http=200
16_pc_base_stop http=200
17_pc_manual_attempt_expected_reject http=400
18_upper_radar_status_after /api/radar/status http=200
19_upper_map_list_after /api/map/list http=200
20_upper_map_proof_latest_after /api/map/proof/latest http=200
21_upper_localize_proof_latest_after /api/localize/proof/latest http=200
22_upper_nav2_proof_latest_after /api/nav2/proof/latest http=200
23_upper_operator_report_after /api/operator/report http=200
24_upper_base_status_after /api/base/status http=200
25_upper_camera_health_after_proxy /api/camera/health http=200
run_finished=2026-06-11 09:22:30 CST
