## date
Thu Jun 11 03:34:16 AM CST 2026
## service
active
## pgrep target processes
198193 bash -lc set -e; set -e; source /opt/ros/humble/setup.bash; [ -f /root/rober/onboard/install/setup.bash ] && source /root/rober/onboard/install/setup.bash || true; cd /root/rober/onboard; pids=(); cleanup(){ for pid in "${pids[@]}"; do kill -INT "$pid" 2>/dev/null || true; done; wait || true; }; trap cleanup EXIT INT TERM; printf '%s\n' 'managed_map_yaml=/root/rober/onboard/runtime/maps/final_direct_save.yaml' > /tmp/rober_nav2_localization_v2on5vfq.log; printf '%s\n' 'managed_runtime_boundary=no_motion_localization_only' >> /tmp/rober_nav2_localization_v2on5vfq.log; printf '%s\n' 'blocked_device=/dev/ttyS5' >> /tmp/rober_nav2_localization_v2on5vfq.log; (ros2 run ros2_trashbot_hardware lidar_driver --ros-args -p serial_port:=/dev/ttyACM0 -p serial_baudrate:=150000 -p frame_id:=laser_frame -p scan_topic:=/scan -p publish_raw_packets:=false) >> /tmp/rober_nav2_localization_v2on5vfq.log 2>&1 & pids+=($!); (ros2 run tf2_ros static_transform_publisher 0.0 0.0 0.0 0.0 0.0 0.0 odom base_link) >> /tmp/rober_nav2_localization_v2on5vfq.log 2>&1 & pids+=($!); (ros2 run tf2_ros static_transform_publisher 0.0 0.0 0.0 0.0 0.0 0.0 base_link laser_frame) >> /tmp/rober_nav2_localization_v2on5vfq.log 2>&1 & pids+=($!); (ros2 run nav2_map_server map_server --ros-args --params-file /tmp/rober_nav2_localization_gxv73al1.yaml -r __node:=map_server) >> /tmp/rober_nav2_localization_v2on5vfq.log 2>&1 & pids+=($!); (ros2 run nav2_amcl amcl --ros-args --params-file /tmp/rober_nav2_localization_gxv73al1.yaml -r __node:=amcl) >> /tmp/rober_nav2_localization_v2on5vfq.log 2>&1 & pids+=($!); (ros2 run nav2_lifecycle_manager lifecycle_manager --ros-args --params-file /tmp/rober_nav2_localization_gxv73al1.yaml -r __node:=lifecycle_manager) >> /tmp/rober_nav2_localization_v2on5vfq.log 2>&1 & pids+=($!); wait
198231 /usr/bin/python3 /opt/ros/humble/bin/ros2 run nav2_map_server map_server --ros-args --params-file /tmp/rober_nav2_localization_gxv73al1.yaml -r __node:=map_server
198232 /usr/bin/python3 /opt/ros/humble/bin/ros2 run nav2_amcl amcl --ros-args --params-file /tmp/rober_nav2_localization_gxv73al1.yaml -r __node:=amcl
198234 /opt/ros/humble/lib/nav2_map_server/map_server --ros-args --params-file /tmp/rober_nav2_localization_gxv73al1.yaml -r __node:=map_server
198251 /opt/ros/humble/lib/nav2_amcl/amcl --ros-args --params-file /tmp/rober_nav2_localization_gxv73al1.yaml -r __node:=amcl
198501 bash -lc set -e; set -e; source /opt/ros/humble/setup.bash; [ -f /root/rober/onboard/install/setup.bash ] && source /root/rober/onboard/install/setup.bash || true; cd /root/rober/onboard; pids=(); cleanup(){ for pid in "${pids[@]}"; do kill -INT "$pid" 2>/dev/null || true; done; wait || true; }; trap cleanup EXIT INT TERM; printf '%s\n' 'managed_map_yaml=/root/rober/onboard/runtime/maps/final_direct_save.yaml' > /tmp/rober_nav2_localization_1hqg_ey0.log; printf '%s\n' 'managed_runtime_boundary=no_motion_localization_only' >> /tmp/rober_nav2_localization_1hqg_ey0.log; printf '%s\n' 'blocked_device=/dev/ttyS5' >> /tmp/rober_nav2_localization_1hqg_ey0.log; (ros2 run ros2_trashbot_hardware lidar_driver --ros-args -p serial_port:=/dev/ttyACM0 -p serial_baudrate:=150000 -p frame_id:=laser_frame -p scan_topic:=/scan -p publish_raw_packets:=false) >> /tmp/rober_nav2_localization_1hqg_ey0.log 2>&1 & pids+=($!); (ros2 run tf2_ros static_transform_publisher 0.0 0.0 0.0 0.0 0.0 0.0 odom base_link) >> /tmp/rober_nav2_localization_1hqg_ey0.log 2>&1 & pids+=($!); (ros2 run tf2_ros static_transform_publisher 0.0 0.0 0.0 0.0 0.0 0.0 base_link laser_frame) >> /tmp/rober_nav2_localization_1hqg_ey0.log 2>&1 & pids+=($!); (ros2 run nav2_map_server map_server --ros-args --params-file /tmp/rober_nav2_localization_ua06_73e.yaml -r __node:=map_server) >> /tmp/rober_nav2_localization_1hqg_ey0.log 2>&1 & pids+=($!); (ros2 run nav2_amcl amcl --ros-args --params-file /tmp/rober_nav2_localization_ua06_73e.yaml -r __node:=amcl) >> /tmp/rober_nav2_localization_1hqg_ey0.log 2>&1 & pids+=($!); (ros2 run nav2_lifecycle_manager lifecycle_manager --ros-args --params-file /tmp/rober_nav2_localization_ua06_73e.yaml -r __node:=lifecycle_manager) >> /tmp/rober_nav2_localization_1hqg_ey0.log 2>&1 & pids+=($!); wait
198535 /usr/bin/python3 /opt/ros/humble/bin/ros2 run ros2_trashbot_hardware lidar_driver --ros-args -p serial_port:=/dev/ttyACM0 -p serial_baudrate:=150000 -p frame_id:=laser_frame -p scan_topic:=/scan -p publish_raw_packets:=false
198539 /usr/bin/python3 /opt/ros/humble/bin/ros2 run nav2_map_server map_server --ros-args --params-file /tmp/rober_nav2_localization_ua06_73e.yaml -r __node:=map_server
198540 /usr/bin/python3 /opt/ros/humble/bin/ros2 run nav2_amcl amcl --ros-args --params-file /tmp/rober_nav2_localization_ua06_73e.yaml -r __node:=amcl
198552 /opt/ros/humble/lib/nav2_map_server/map_server --ros-args --params-file /tmp/rober_nav2_localization_ua06_73e.yaml -r __node:=map_server
198555 /opt/ros/humble/lib/nav2_amcl/amcl --ros-args --params-file /tmp/rober_nav2_localization_ua06_73e.yaml -r __node:=amcl
198591 /usr/bin/python3 /root/rober/onboard/install/ros2_trashbot_hardware/lib/ros2_trashbot_hardware/lidar_driver --ros-args -p serial_port:=/dev/ttyACM0 -p serial_baudrate:=150000 -p frame_id:=laser_frame -p scan_topic:=/scan -p publish_raw_packets:=false
198917 zsh -c set +e; echo "## date"; date; echo "## service"; systemctl is-active trashbot-upper-robot-api.service; echo "## pgrep target processes"; pgrep -af "o10_amcl_nav2_runtime_proof|lidar_driver|map_server|amcl|planner_server" || true; echo "## lsof devices"; lsof /dev/ttyS5 /dev/ttyACM0 2>&1 || true; echo "## fuser devices"; fuser -v /dev/ttyS5 /dev/ttyACM0 2>&1 || true; echo "## localization artifact"; ls -l /root/rober/onboard/runtime/localization_reset_latest.json 2>&1 || true; python3 - <<"PY" import json from pathlib import Path p=Path("/root/rober/onboard/runtime/localization_reset_latest.json") if p.exists():     d=json.loads(p.read_text())     proof=d.get("proof", {})     print("status", d.get("status"))     print("root_causes", proof.get("root_causes"))     print("safe_to_control", d.get("safe_to_control"), "cmd_vel", d.get("publishes_cmd_vel")) PY
## lsof devices
COMMAND      PID USER   FD   TYPE DEVICE SIZE/OFF NODE NAME
lidar_dri 198591 root   20u   CHR  166,0      0t0  438 /dev/ttyACM0
## fuser devices
                     USER        PID ACCESS COMMAND
/dev/ttyACM0:        root      198591 F.... lidar_driver
## localization artifact
ls: cannot access '/root/rober/onboard/runtime/localization_reset_latest.json': No such file or directory
