2026-06-11T14:54:23+08:00
## lifecycle status
{"schema": "trashbot.o1.lidar_lifecycle.v1", "generated_at_ms": 1781160863353, "running": true, "pid": 266146, "state": "running", "message": "LiDAR lifecycle running", "serial_port": "/dev/ttyACM0", "baudrate": 150000, "frame_id": "laser_frame", "runtime_dir": "/tmp/rober_lidar_lifecycle", "log_dir": "/tmp/rober_lidar_lifecycle/logs", "driver": "ros2_trashbot_hardware lidar_driver", "static_tf": "base_link -> laser_frame", "sends_base_motion_commands": false, "uses_base_uart": false, "publishes_cmd_vel": false, "blocked_base_uart": "/dev/ttyS5", "blocked_commands_not_sent": ["T=1", "T=13", "T=130", "T=131", "/cmd_vel", "/api/base/manual"]}
## lsof ttyACM0 ttyS5
COMMAND      PID USER   FD   TYPE DEVICE SIZE/OFF NODE NAME
lidar_dri 266182 root   20u   CHR  166,0      0t0  438 /dev/ttyACM0
## fuser ttyACM0 ttyS5
                     USER        PID ACCESS COMMAND
/dev/ttyACM0:        root      266182 F.... lidar_driver
## pgrep lidar
266146 bash /root/rober/onboard/scripts/o1_lidar_lifecycle.sh __run --onboard-root /root/rober/onboard --serial-port /dev/ttyACM0 --serial-baudrate 150000 --frame-id laser_frame --runtime-dir /tmp/rober_lidar_lifecycle
266177 /usr/bin/python3 /opt/ros/humble/bin/ros2 run tf2_ros static_transform_publisher --x 0 --y 0 --z 0 --roll 0 --pitch 0 --yaw 0 --frame-id base_link --child-frame-id laser_frame
266178 /usr/bin/python3 /opt/ros/humble/bin/ros2 run ros2_trashbot_hardware lidar_driver --ros-args -p serial_port:=/dev/ttyACM0 -p serial_baudrate:=150000 -p frame_id:=laser_frame -p publish_raw_packets:=true
266181 /opt/ros/humble/lib/tf2_ros/static_transform_publisher --x 0 --y 0 --z 0 --roll 0 --pitch 0 --yaw 0 --frame-id base_link --child-frame-id laser_frame
266182 /usr/bin/python3 /root/rober/onboard/install/ros2_trashbot_hardware/lib/ros2_trashbot_hardware/lidar_driver --ros-args -p serial_port:=/dev/ttyACM0 -p serial_baudrate:=150000 -p frame_id:=laser_frame -p publish_raw_packets:=true
266345 zsh -c set -u; date -Iseconds; echo "## lifecycle status"; bash /root/rober/onboard/scripts/o1_lidar_lifecycle.sh status 2>&1 || true; echo "## lsof ttyACM0 ttyS5"; lsof /dev/ttyACM0 /dev/ttyS5 2>&1 || true; echo "## fuser ttyACM0 ttyS5"; fuser -v /dev/ttyACM0 /dev/ttyS5 2>&1 || true; echo "## pgrep lidar"; pgrep -af "[l]idar_driver|[o]1_lidar_lifecycle|[s]tatic_transform_publisher" || true; echo "## api process"; pgrep -af "remote_cloud_relay|uvicorn|robot.*api|tsx|python3" | head -20 || true
## api process
1172 python3 /root/rober/onboard/scripts/local_webrtc_camera_smoke.py --host 0.0.0.0 --port 8088 --video-source auto --width 640 --height 480 --fps 15
1174 /usr/bin/python3 /usr/share/unattended-upgrades/unattended-upgrade-shutdown --wait-for-signal
2895 /usr/bin/python3 /usr/bin/blueman-applet
2908 /usr/bin/python3 /usr/share/system-config-printer/applet.py
3019 /usr/bin/python3 /usr/bin/blueman-tray
170272 /usr/bin/python3 -c from ros2cli.daemon.daemonize import main; main() --name ros2-daemon --ros-domain-id 0 --rmw-implementation rmw_fastrtps_cpp
261344 python3 /root/rober/onboard/scripts/upper_robot_api.py --host 0.0.0.0 --port 8787 --camera-base-url http://127.0.0.1:8088 --base-port /dev/ttyS5 --base-baudrate 115200 --max-speed 0.12
266177 /usr/bin/python3 /opt/ros/humble/bin/ros2 run tf2_ros static_transform_publisher --x 0 --y 0 --z 0 --roll 0 --pitch 0 --yaw 0 --frame-id base_link --child-frame-id laser_frame
266178 /usr/bin/python3 /opt/ros/humble/bin/ros2 run ros2_trashbot_hardware lidar_driver --ros-args -p serial_port:=/dev/ttyACM0 -p serial_baudrate:=150000 -p frame_id:=laser_frame -p publish_raw_packets:=true
266182 /usr/bin/python3 /root/rober/onboard/install/ros2_trashbot_hardware/lib/ros2_trashbot_hardware/lidar_driver --ros-args -p serial_port:=/dev/ttyACM0 -p serial_baudrate:=150000 -p frame_id:=laser_frame -p publish_raw_packets:=true
266345 zsh -c set -u; date -Iseconds; echo "## lifecycle status"; bash /root/rober/onboard/scripts/o1_lidar_lifecycle.sh status 2>&1 || true; echo "## lsof ttyACM0 ttyS5"; lsof /dev/ttyACM0 /dev/ttyS5 2>&1 || true; echo "## fuser ttyACM0 ttyS5"; fuser -v /dev/ttyACM0 /dev/ttyS5 2>&1 || true; echo "## pgrep lidar"; pgrep -af "[l]idar_driver|[o]1_lidar_lifecycle|[s]tatic_transform_publisher" || true; echo "## api process"; pgrep -af "remote_cloud_relay|uvicorn|robot.*api|tsx|python3" | head -20 || true
