---RUNTIME_LOG_PATH---
/tmp/rober_map_lifecycle_runtime_1781038833209.log
---RUNTIME_LOG_TAIL---
[INFO] [launch]: All log files can be found below /root/.ros/log/2026-06-10-05-00-36-352377-op-z3-b6.home-112560
[INFO] [launch]: Default logging verbosity is set to INFO
[INFO] [async_slam_toolbox_node-1]: process started with pid [112583]
[INFO] [map_recorder-2]: process started with pid [112585]
[INFO] [lidar_driver-3]: process started with pid [112587]
[INFO] [static_transform_publisher-4]: process started with pid [112589]
[INFO] [static_transform_publisher-5]: process started with pid [112591]
[static_transform_publisher-4] [WARN] [1781038836.694386733] []: Old-style arguments are deprecated; see --help for new-style arguments
[static_transform_publisher-5] [WARN] [1781038836.777633061] []: Old-style arguments are deprecated; see --help for new-style arguments
[static_transform_publisher-4] [INFO] [1781038837.427210158] [static_laser_tf]: Spinning until stopped - publishing transform
[static_transform_publisher-4] translation: ('0.000000', '0.000000', '0.000000')
[static_transform_publisher-4] rotation: ('0.000000', '0.000000', '0.000000', '1.000000')
[static_transform_publisher-4] from 'base_link' to 'laser_frame'
[static_transform_publisher-5] [INFO] [1781038837.660199868] [no_motion_static_odom_tf]: Spinning until stopped - publishing transform
[static_transform_publisher-5] translation: ('0.000000', '0.000000', '0.000000')
[static_transform_publisher-5] rotation: ('0.000000', '0.000000', '0.000000', '1.000000')
[static_transform_publisher-5] from 'odom' to 'base_link'
[async_slam_toolbox_node-1] [INFO] [1781038838.386864858] [slam_toolbox]: Using solver plugin solver_plugins::CeresSolver
[lidar_driver-3] [INFO] [1781038838.931601705] [lidar_driver]: LiDAR serial started: /dev/ttyACM0 @ 150000
[async_slam_toolbox_node-1] [WARN] [1781038841.390675926] [slam_toolbox]: minimum laser range setting (0.0 m) exceeds the capabilities of the used Lidar (0.1 m)
[async_slam_toolbox_node-1] Info: clipped range threshold to be within minimum and maximum range!
[async_slam_toolbox_node-1] [WARN] [1781038841.391485173] [slam_toolbox]: maximum laser range setting (25.0 m) exceeds the capabilities of the used Lidar (8.0 m)
[async_slam_toolbox_node-1] Registering sensor: [Custom Described Lidar]
[WARNING] [launch]: user interrupted with ctrl-c (SIGINT)
[INFO] [static_transform_publisher-5]: sending signal 'SIGINT' to process[static_transform_publisher-5]
[INFO] [static_transform_publisher-4]: sending signal 'SIGINT' to process[static_transform_publisher-4]
[ERROR] [static_transform_publisher-5]: process has died [pid 112591, exit code -2, cmd '/opt/ros/humble/lib/tf2_ros/static_transform_publisher 0.0 0.0 0.0 0.0 0.0 0.0 odom base_link --ros-args -r __node:=no_motion_static_odom_tf'].
[INFO] [lidar_driver-3]: sending signal 'SIGINT' to process[lidar_driver-3]
[INFO] [map_recorder-2]: sending signal 'SIGINT' to process[map_recorder-2]
[ERROR] [static_transform_publisher-4]: process has died [pid 112589, exit code -2, cmd '/opt/ros/humble/lib/tf2_ros/static_transform_publisher 0.0 0.0 0.0 0.0 0.0 0.0 base_link laser_frame --ros-args -r __node:=static_laser_tf'].
[INFO] [async_slam_toolbox_node-1]: sending signal 'SIGINT' to process[async_slam_toolbox_node-1]
[static_transform_publisher-5] [INFO] [1781038862.074438089] [rclcpp]: signal_handler(SIGINT/SIGTERM)
[static_transform_publisher-4] [INFO] [1781038862.074510256] [rclcpp]: signal_handler(SIGINT/SIGTERM)
[async_slam_toolbox_node-1] [INFO] [1781038862.075538377] [rclcpp]: signal_handler(SIGINT/SIGTERM)
[lidar_driver-3] Traceback (most recent call last):
[lidar_driver-3]   File "/root/rober/onboard/build/ros2_trashbot_hardware/ros2_trashbot_hardware/lidar_driver.py", line 400, in main
[lidar_driver-3]     rclpy.spin(node)
[lidar_driver-3]   File "/opt/ros/humble/local/lib/python3.10/dist-packages/rclpy/__init__.py", line 229, in spin
[lidar_driver-3]     executor.spin_once()
[lidar_driver-3]   File "/opt/ros/humble/local/lib/python3.10/dist-packages/rclpy/executors.py", line 808, in spin_once
[lidar_driver-3]     self._spin_once_impl(timeout_sec)
[lidar_driver-3]   File "/opt/ros/humble/local/lib/python3.10/dist-packages/rclpy/executors.py", line 803, in _spin_once_impl
[lidar_driver-3]     handler()
[lidar_driver-3]   File "/opt/ros/humble/local/lib/python3.10/dist-packages/rclpy/task.py", line 256, in __call__
[lidar_driver-3]     self._execute_coroutine_step(self._handler)
[lidar_driver-3]   File "/opt/ros/humble/local/lib/python3.10/dist-packages/rclpy/task.py", line 272, in _execute_coroutine_step
[lidar_driver-3]     result = coro.send(None)
[lidar_driver-3]   File "/opt/ros/humble/local/lib/python3.10/dist-packages/rclpy/executors.py", line 488, in handler
[lidar_driver-3]     await call_coroutine(entity, arg)
[lidar_driver-3]   File "/opt/ros/humble/local/lib/python3.10/dist-packages/rclpy/executors.py", line 396, in _execute_timer
[lidar_driver-3]     await await_or_execute(tmr.callback)
[lidar_driver-3]   File "/opt/ros/humble/local/lib/python3.10/dist-packages/rclpy/executors.py", line 110, in await_or_execute
[lidar_driver-3]     return callback(*args)
[lidar_driver-3]   File "/root/rober/onboard/build/ros2_trashbot_hardware/ros2_trashbot_hardware/lidar_driver.py", line 355, in _tick
[lidar_driver-3]     packets = self._next_packets()
[lidar_driver-3]   File "/root/rober/onboard/build/ros2_trashbot_hardware/ros2_trashbot_hardware/lidar_driver.py", line 367, in _next_packets
[ERROR] [async_slam_toolbox_node-1]: process has died [pid 112583, exit code -2, cmd '/opt/ros/humble/lib/slam_toolbox/async_slam_toolbox_node --ros-args -r __node:=slam_toolbox --params-file /tmp/launch_params_qv16u48d'].
[lidar_driver-3]     return self.serial_session.read_packets()
[lidar_driver-3]   File "/root/rober/onboard/build/ros2_trashbot_hardware/ros2_trashbot_hardware/lidar_driver.py", line 109, in read_packets
[lidar_driver-3]     chunk = self._serial.read(int(self.config.read_size)) or b""
[lidar_driver-3]   File "/usr/local/lib/python3.10/dist-packages/serial/serialposix.py", line 565, in read
[lidar_driver-3]     ready, _, _ = select.select([self.fd, self.pipe_abort_read_r], [], [], timeout.time_left())
[lidar_driver-3] KeyboardInterrupt
[lidar_driver-3] 
[lidar_driver-3] During handling of the above exception, another exception occurred:
[lidar_driver-3] 
[lidar_driver-3] Traceback (most recent call last):
[lidar_driver-3]   File "/root/rober/onboard/install/ros2_trashbot_hardware/lib/ros2_trashbot_hardware/lidar_driver", line 33, in <module>
[lidar_driver-3]     sys.exit(load_entry_point('ros2-trashbot-hardware', 'console_scripts', 'lidar_driver')())
[lidar_driver-3]   File "/root/rober/onboard/build/ros2_trashbot_hardware/ros2_trashbot_hardware/lidar_driver.py", line 402, in main
[lidar_driver-3]     node.destroy_node()
[lidar_driver-3]   File "/root/rober/onboard/build/ros2_trashbot_hardware/ros2_trashbot_hardware/lidar_driver.py", line 395, in destroy_node
[lidar_driver-3]     return super().destroy_node()
[lidar_driver-3]   File "/opt/ros/humble/local/lib/python3.10/dist-packages/rclpy/node.py", line 1691, in destroy_node
[lidar_driver-3]     self.destroy_service(self._services[0])
[lidar_driver-3]   File "/opt/ros/humble/local/lib/python3.10/dist-packages/rclpy/node.py", line 1615, in destroy_service
[lidar_driver-3]     service.destroy()
[lidar_driver-3]   File "/opt/ros/humble/local/lib/python3.10/dist-packages/rclpy/service.py", line 93, in destroy
[lidar_driver-3]     self.__service.destroy_when_not_in_use()
[lidar_driver-3] KeyboardInterrupt
[map_recorder-2] Traceback (most recent call last):
[map_recorder-2]   File "/root/rober/onboard/build/ros2_trashbot_nav/ros2_trashbot_nav/map_recorder.py", line 100, in main
[map_recorder-2]     rclpy.spin(node)
[map_recorder-2]   File "/opt/ros/humble/local/lib/python3.10/dist-packages/rclpy/__init__.py", line 229, in spin
[map_recorder-2]     executor.spin_once()
[map_recorder-2]   File "/opt/ros/humble/local/lib/python3.10/dist-packages/rclpy/executors.py", line 808, in spin_once
[map_recorder-2]     self._spin_once_impl(timeout_sec)
[map_recorder-2]   File "/opt/ros/humble/local/lib/python3.10/dist-packages/rclpy/executors.py", line 797, in _spin_once_impl
[map_recorder-2]     handler, entity, node = self.wait_for_ready_callbacks(timeout_sec=timeout_sec)
[map_recorder-2]   File "/opt/ros/humble/local/lib/python3.10/dist-packages/rclpy/executors.py", line 780, in wait_for_ready_callbacks
[map_recorder-2]     return next(self._cb_iter)
[map_recorder-2]   File "/opt/ros/humble/local/lib/python3.10/dist-packages/rclpy/executors.py", line 677, in _wait_for_ready_callbacks
[map_recorder-2]     wait_set.wait(timeout_nsec)
[map_recorder-2] KeyboardInterrupt
[map_recorder-2] 
[map_recorder-2] During handling of the above exception, another exception occurred:
[map_recorder-2] 
[map_recorder-2] Traceback (most recent call last):
[map_recorder-2]   File "/root/rober/onboard/build/ros2_trashbot_nav/ros2_trashbot_nav/map_recorder.py", line 102, in main
[map_recorder-2]     node.save_current_map()
[map_recorder-2]   File "/root/rober/onboard/build/ros2_trashbot_nav/ros2_trashbot_nav/map_recorder.py", line 55, in save_current_map
[map_recorder-2]     self.get_logger().info(message)
[map_recorder-2]   File "/opt/ros/humble/local/lib/python3.10/dist-packages/rclpy/impl/rcutils_logger.py", line 329, in info
[map_recorder-2]     return self.log(message, LoggingSeverity.INFO, **kwargs)
[map_recorder-2]   File "/opt/ros/humble/local/lib/python3.10/dist-packages/rclpy/impl/rcutils_logger.py", line 287, in log
[map_recorder-2]     caller_id = CallerId()
[map_recorder-2]   File "/opt/ros/humble/local/lib/python3.10/dist-packages/rclpy/impl/rcutils_logger.py", line 59, in __new__
[map_recorder-2]     frame = _find_caller(inspect.currentframe())
[map_recorder-2]   File "/opt/ros/humble/local/lib/python3.10/dist-packages/rclpy/impl/rcutils_logger.py", line 47, in _find_caller
[map_recorder-2]     file_path = os.path.realpath(inspect.getframeinfo(frame).filename)
[map_recorder-2]   File "/usr/lib/python3.10/inspect.py", line 1624, in getframeinfo
[map_recorder-2]     lines, lnum = findsource(frame)
[map_recorder-2]   File "/usr/lib/python3.10/inspect.py", line 952, in findsource
[map_recorder-2]     module = getmodule(object, file)
[map_recorder-2]   File "/usr/lib/python3.10/inspect.py", line 875, in getmodule
[map_recorder-2]     f = getabsfile(module)
[map_recorder-2]   File "/usr/lib/python3.10/inspect.py", line 844, in getabsfile
[map_recorder-2]     _filename = getsourcefile(object) or getfile(object)
[map_recorder-2]   File "/usr/lib/python3.10/inspect.py", line 820, in getsourcefile
[map_recorder-2]     if any(filename.endswith(s) for s in all_bytecode_suffixes):
[map_recorder-2] KeyboardInterrupt
[map_recorder-2] 
[map_recorder-2] During handling of the above exception, another exception occurred:
[map_recorder-2] 
[map_recorder-2] Traceback (most recent call last):
[map_recorder-2]   File "/root/rober/onboard/install/ros2_trashbot_nav/lib/ros2_trashbot_nav/map_recorder", line 33, in <module>
[map_recorder-2]     sys.exit(load_entry_point('ros2-trashbot-nav', 'console_scripts', 'map_recorder')())
[map_recorder-2]   File "/root/rober/onboard/build/ros2_trashbot_nav/ros2_trashbot_nav/map_recorder.py", line 105, in main
[map_recorder-2]     rclpy.shutdown()
[map_recorder-2]   File "/opt/ros/humble/local/lib/python3.10/dist-packages/rclpy/__init__.py", line 130, in shutdown
[map_recorder-2]     _shutdown(context=context)
[map_recorder-2]   File "/opt/ros/humble/local/lib/python3.10/dist-packages/rclpy/utilities.py", line 58, in shutdown
[map_recorder-2]     return context.shutdown()
[map_recorder-2]   File "/opt/ros/humble/local/lib/python3.10/dist-packages/rclpy/context.py", line 102, in shutdown
[map_recorder-2]     self.__context.shutdown()
[map_recorder-2] rclpy._rclpy_pybind11.RCLError: failed to shutdown: rcl_shutdown already called on the given context, at ./src/rcl/init.c:241
[ERROR] [lidar_driver-3]: process has died [pid 112587, exit code -2, cmd '/root/rober/onboard/install/ros2_trashbot_hardware/lib/ros2_trashbot_hardware/lidar_driver --ros-args -r __node:=lidar_driver --params-file /tmp/launch_params_y83y99ac'].
[ERROR] [map_recorder-2]: process has died [pid 112585, exit code 1, cmd '/root/rober/onboard/install/ros2_trashbot_nav/lib/ros2_trashbot_nav/map_recorder --ros-args -r __node:=map_recorder --params-file /tmp/launch_params_kybu970p'].
---SERIAL_POST_API_LSOF---
---SERIAL_POST_API_FUSER---
---PIDS_AFTER_API---
39007 /usr/bin/python3 -c from ros2cli.daemon.daemonize import main; main() --name ros2-daemon --ros-domain-id 0 --rmw-implementation rmw_fastrtps_cpp
89708 /usr/bin/python3 /root/rober/onboard/install/ros2_trashbot_nav/lib/ros2_trashbot_nav/waypoint_manager --ros-args -r __node:=waypoint_manager --params-file /tmp/launch_params_2onpg4e3
89710 /usr/bin/python3 /root/rober/onboard/install/ros2_trashbot_nav/lib/ros2_trashbot_nav/map_recorder --ros-args -r __node:=map_recorder --params-file /tmp/launch_params_dsaxn8kl
89714 /usr/bin/python3 /root/rober/onboard/install/ros2_trashbot_behavior/lib/ros2_trashbot_behavior/task_orchestrator --ros-args -r __node:=task_orchestrator --params-file /tmp/launch_params_u339gbb6
90724 /usr/bin/python3 /root/rober/onboard/install/ros2_trashbot_nav/lib/ros2_trashbot_nav/waypoint_manager --ros-args -r __node:=waypoint_manager --params-file /tmp/launch_params_r4pb2h7_
90726 /usr/bin/python3 /root/rober/onboard/install/ros2_trashbot_nav/lib/ros2_trashbot_nav/map_recorder --ros-args -r __node:=map_recorder --params-file /tmp/launch_params_qnhml2vi
90730 /usr/bin/python3 /root/rober/onboard/install/ros2_trashbot_behavior/lib/ros2_trashbot_behavior/task_orchestrator --ros-args -r __node:=task_orchestrator --params-file /tmp/launch_params_5l8vn9w_
95878 /usr/bin/python3 /root/rober/onboard/install/ros2_trashbot_nav/lib/ros2_trashbot_nav/waypoint_manager --ros-args -r __node:=waypoint_manager --params-file /tmp/launch_params_no94j9rg
95880 /usr/bin/python3 /root/rober/onboard/install/ros2_trashbot_nav/lib/ros2_trashbot_nav/map_recorder --ros-args -r __node:=map_recorder --params-file /tmp/launch_params_rbxtj8bc
95884 /usr/bin/python3 /root/rober/onboard/install/ros2_trashbot_behavior/lib/ros2_trashbot_behavior/task_orchestrator --ros-args -r __node:=task_orchestrator --params-file /tmp/launch_params_zz0cmio_
110484 /usr/bin/python3 -c from ros2cli.daemon.daemonize import main; main() --name ros2-daemon --ros-domain-id 77 --rmw-implementation rmw_fastrtps_cpp
113635 zsh -c echo ---RUNTIME_LOG_PATH---; echo '/tmp/rober_map_lifecycle_runtime_1781038833209.log'; echo ---RUNTIME_LOG_TAIL---; tail -n 160 '/tmp/rober_map_lifecycle_runtime_1781038833209.log' 2>&1 || true; echo ---SERIAL_POST_API_LSOF---; lsof /dev/ttyS5 /dev/ttyACM0 || true; echo ---SERIAL_POST_API_FUSER---; fuser -v /dev/ttyS5 /dev/ttyACM0 || true; echo ---PIDS_AFTER_API---; pgrep -af 'ros2|slam_toolbox|lidar_driver|map_lifecycle|nav2|static_transform_publisher' || true; echo ---TOPICS_AFTER_API---; bash -lc 'source /opt/ros/humble/setup.bash; [ -f /root/rober/onboard/install/setup.bash ] && source /root/rober/onboard/install/setup.bash || true; ros2 topic list 2>/dev/null | sort | sed -n "1,120p"' || true
---TOPICS_AFTER_API---
/amcl_pose
/map
/parameter_events
/rosout
/trashbot/waypoints
