header:
  stamp:
    sec: 1781034144
    nanosec: 960016778
  frame_id: laser_frame
angle_min: 0.00845393817871809
angle_max: 3.068779706954956
angle_increment: 0.017192840576171875
time_increment: 9.999999747378752e-05
scan_time: 0.10000000149011612
range_min: 0.05000000074505806
range_max: 8.0
ranges:
- 4.2517499923706055
- 5.977499961853027
- 1.4589999914169312
- 1.3819999694824219
- 1.3140000104904175
- 1.1679999828338623
- 1.1399999856948853
- 1.0770000219345093
- 1.0529999732971191
- 6.2855000495910645
- 1.0759999752044678
- 1.0859999656677246
- 1.0959999561309814
- 1.1059999465942383
- 1.1109999418258667
- 1.1239999532699585
- 1.1480000019073486
- 5.812250137329102
- 2.2149999141693115
- 2.240999937057495
- 2.2699999809265137
- 2.2990000247955322
- 2.313999891281128
- 2.3440001010894775
- 2.377000093460083
- 6.081999778747559
- 2.499000072479248
- 2.4790000915527344
- 2.8940000534057617
- 2.941999912261963
- 2.9679999351501465
- 3.0220000743865967
- 3.0810000896453857
- 4.34975004196167
- 2.8440001010894775
- 3.239000082015991
- 2.9159998893737793
- 2.818000078201294
- 3.421999931335449
- 3.505000114440918
- 3.5889999866485596
- 5.794250011444092
- 3.7309999465942383
- 3.8340001106262207
- 3.940999984741211
- 4.058000087738037
- 4.116000175476074
- 4.248000144958496
- 4.381999969482422
- 5.919000148773193
- 4.604000091552734
- 4.758999824523926
- 4.935999870300293
- 5.03000020980835
- 5.007999897003174
- 4.9679999351501465
- 4.927000045776367
- 4.682499885559082
- 2.5380001068115234
- 2.5220000743865967
- 2.50600004196167
- 2.496999979019165
- 1.1360000371932983
- 1.125
- 6.149250030517578
- 1.1039999723434448
- 1.0920000076293945
- 1.0809999704360962
- 1.069000005722046
- 1.0640000104904175
- 1.055999994277954
- 1.0470000505447388
- 5.699749946594238
- 1.0390000343322754
- 1.0379999876022339
- 1.0509999990463257
- 1.1510000228881836
- 1.152999997138977
- 1.2200000286102295
- 1.2369999885559082
- 5.265250205993652
- 1.1009999513626099
- 0.9570000171661377
- 0.9580000042915344
- 0.9490000009536743
- 0.8859999775886536
- 0.8629999756813049
- 0.9390000104904175
- 6.08650016784668
- 1.194000005722046
- 0.8299999833106995
- 0.8429999947547913
- 1.1799999475479126
- 1.1790000200271606
- 1.1799999475479126
- 1.2829999923706055
- 5.963250160217285
- 1.2280000448226929
- 1.0399999618530273
- 1.034000039100647
- 1.0429999828338623
- 1.0499999523162842
- 1.0720000267028809
- 1.024999976158142
- 5.928750038146973
- 0.9620000123977661
- 0.925000011920929
- 0.7839999794960022
- 0.777999997138977
- 0.8180000185966492
- 0.8169999718666077
- 0.7889999747276306
- 5.930749893188477
- 0.7540000081062317
- 0.7319999933242798
- 0.7110000252723694
- 0.6869999766349792
- 0.6790000200271606
- 0.6600000262260437
- 0.5080000162124634
- 5.942999839782715
- 0.5860000252723694
- 0.2939999997615814
- 0.2800000011920929
- 0.27900001406669617
- 0.28200000524520874
- 0.2879999876022339
- 2.640500068664551
- '...'
intensities:
- 176.0
- 212.0
- 210.0
- 208.0
- 28.0
- 27.0
- 31.0
- 46.0
- 252.0
- 253.0
- 253.0
- 253.0
- 251.0
- 251.0
- 252.0
- 25.0
- 104.0
- 103.0
- 102.0
- 96.0
- 93.0
- 87.0
- 85.0
- 76.0
- 63.0
- 21.0
- 54.0
- 203.0
- 206.0
- 204.0
- 205.0
- 201.0
- 196.0
- 42.0
- 194.0
- 61.0
- 184.0
- 193.0
- 192.0
- 191.0
- 188.0
- 185.0
- 185.0
- 176.0
- 172.0
- 156.0
- 155.0
- 144.0
- 140.0
- 135.0
- 133.0
- 130.0
- 154.0
- 151.0
- 153.0
- 153.0
- 157.0
- 21.0
- 226.0
- 225.0
- 218.0
- 243.0
- 243.0
- 245.0
- 244.0
- 245.0
- 243.0
- 243.0
- 243.0
- 246.0
- 248.0
- 247.0
- 245.0
- 241.0
- 206.0
- 226.0
- 232.0
- 233.0
- 234.0
- 218.0
- 166.0
- 185.0
- 242.0
- 235.0
- 205.0
- 242.0
- 236.0
- 186.0
- 220.0
- 246.0
- 52.0
- 235.0
- 234.0
- 234.0
- 198.0
- 201.0
- 148.0
- 159.0
- 222.0
- 239.0
- 224.0
- 215.0
- 218.0
- 218.0
- 220.0
- 225.0
- 156.0
- 191.0
- 211.0
- 232.0
- 236.0
- 244.0
- 245.0
- 244.0
- 244.0
- 237.0
- 236.0
- 231.0
- 168.0
- 110.0
- 65.0
- 57.0
- 247.0
- 255.0
- 250.0
- 188.0
- 136.0
- 136.0
- '...'
---
