[final] date
Wed Jun 10 03:42:42 AM CST 2026
[final] process check
93587 /usr/bin/python3 /root/rober/onboard/install/ros2_trashbot_hardware/lib/ros2_trashbot_hardware/lidar_driver --ros-args -p serial_port:=/dev/ttyACM0 -p serial_baudrate:=150000
93603 /usr/bin/python3 /root/rober/onboard/install/ros2_trashbot_hardware/lib/ros2_trashbot_hardware/esp32_bridge --ros-args -p serial_port:=/dev/ttyS5 -p serial_baudrate:=115200 -p command_mode:=speed -p feedback_interval_ms:=100 -p publish_odom_tf:=true -p feedback_debug_log_path:=/root/rober/onboard/sprints/2026.06.10_03-45_lidar_motion_delta_retry/artifacts/remote_capture/wave_rover_feedback_debug.jsonl
[final] lsof
COMMAND     PID USER   FD   TYPE DEVICE SIZE/OFF NODE NAME
lidar_dri 93587 root   19u   CHR  166,0      0t0  438 /dev/ttyACM0
esp32_bri 93603 root   19u   CHR   4,69      0t0  120 /dev/ttyS5
[final] service
active
● trashbot-upper-robot-api.service - Trashbot unified upper robot API
     Loaded: loaded (/etc/systemd/system/trashbot-upper-robot-api.service; enabled; vendor preset: enabled)
    Drop-In: /etc/systemd/system/trashbot-upper-robot-api.service.d
             └─20-lidar-scan-proof-runtime.conf
     Active: active (running) since Wed 2026-06-10 03:42:41 CST; 1s ago
       Docs: file:/root/rober/docs/interfaces/o7_upper_robot_api.md
   Main PID: 93727 (python3)
      Tasks: 1 (limit: 2204)
     Memory: 25.7M
        CPU: 1.155s
     CGroup: /system.slice/trashbot-upper-robot-api.service
             └─93727 python3 /root/rober/onboard/scripts/upper_robot_api.py --host 0.0.0.0 --port 8787 --camera-base-url http://127.0.0.1:8088 --base-port /dev/ttyS5 --base-baudrate 115200 --max-speed 0.12

Jun 10 03:42:41 op-z3-b6.home systemd[1]: Started Trashbot unified upper robot API.
Jun 10 03:42:42 op-z3-b6.home env[93727]: {"event": "upper_robot_api_started", "host": "0.0.0.0", "port": 8787}
