[37;1m2026-07-12 21:14:24.581 [31;1m[[37;1mRTPS_TRANSPORT_SHM[31;1m Error] [37mFailed init_port fastrtps_port7443: open_and_lock_file failed[34;1m -> Function [36mopen_port_internal[m
[37;1m2026-07-12 21:14:24.583 [31;1m[[37;1mRTPS_TRANSPORT_SHM[31;1m Error] [37mFailed init_port fastrtps_port7445: open_and_lock_file failed[34;1m -> Function [36mopen_port_internal[m
[INFO] [1783862065.506375538] [lidar_driver]: LiDAR serial started: /dev/ttyACM0 @ 230400
[ERROR] [1783862066.051481941] [lidar_driver]: LiDAR serial read failed: serial.serialutil.SerialException: device reports readiness to read but returned no data (device disconnected or multiple access on port?)
[ERROR] [1783862076.547285355] [lidar_driver]: LiDAR serial read failed: serial.serialutil.SerialException: device reports readiness to read but returned no data (device disconnected or multiple access on port?)
[ERROR] [1783862077.922482578] [lidar_driver]: LiDAR serial read failed: serial.serialutil.SerialException: device reports readiness to read but returned no data (device disconnected or multiple access on port?)
[ERROR] [1783862080.071457394] [lidar_driver]: LiDAR serial read failed: serial.serialutil.SerialException: device reports readiness to read but returned no data (device disconnected or multiple access on port?)
[ERROR] [1783862081.075047510] [lidar_driver]: LiDAR serial read failed: serial.serialutil.SerialException: device reports readiness to read but returned no data (device disconnected or multiple access on port?)
[ERROR] [1783862082.134415227] [lidar_driver]: LiDAR serial read failed: serial.serialutil.SerialException: device reports readiness to read but returned no data (device disconnected or multiple access on port?)
[ERROR] [1783862083.148443165] [lidar_driver]: LiDAR serial read failed: serial.serialutil.SerialException: device reports readiness to read but returned no data (device disconnected or multiple access on port?)
[ERROR] [1783862084.179463290] [lidar_driver]: LiDAR serial read failed: serial.serialutil.SerialException: device reports readiness to read but returned no data (device disconnected or multiple access on port?)
[ERROR] [1783862085.224168483] [lidar_driver]: LiDAR serial read failed: serial.serialutil.SerialException: device reports readiness to read but returned no data (device disconnected or multiple access on port?)
[ERROR] [1783862086.231415595] [lidar_driver]: LiDAR serial read failed: serial.serialutil.SerialException: device reports readiness to read but returned no data (device disconnected or multiple access on port?)
[ERROR] [1783862087.238361791] [lidar_driver]: LiDAR serial read failed: serial.serialutil.SerialException: device reports readiness to read but returned no data (device disconnected or multiple access on port?)
[ERROR] [1783862088.396235184] [lidar_driver]: LiDAR serial read failed: serial.serialutil.SerialException: device reports readiness to read but returned no data (device disconnected or multiple access on port?)
[ERROR] [1783862089.569768560] [lidar_driver]: LiDAR serial read failed: serial.serialutil.SerialException: device reports readiness to read but returned no data (device disconnected or multiple access on port?)
[ERROR] [1783862090.985324985] [lidar_driver]: LiDAR serial read failed: serial.serialutil.SerialException: device reports readiness to read but returned no data (device disconnected or multiple access on port?)
[ERROR] [1783862092.571517877] [lidar_driver]: LiDAR serial read failed: serial.serialutil.SerialException: device reports readiness to read but returned no data (device disconnected or multiple access on port?)
[ERROR] [1783862093.710512960] [lidar_driver]: LiDAR serial read failed: serial.serialutil.SerialException: device reports readiness to read but returned no data (device disconnected or multiple access on port?)
[ERROR] [1783862095.799319846] [lidar_driver]: LiDAR serial read failed: serial.serialutil.SerialException: device reports readiness to read but returned no data (device disconnected or multiple access on port?)
[ERROR] [1783862096.802407921] [lidar_driver]: LiDAR serial read failed: serial.serialutil.SerialException: device reports readiness to read but returned no data (device disconnected or multiple access on port?)
[ERROR] [1783862097.813261529] [lidar_driver]: LiDAR serial read failed: serial.serialutil.SerialException: device reports readiness to read but returned no data (device disconnected or multiple access on port?)
[ERROR] [1783862098.907282498] [lidar_driver]: LiDAR serial read failed: serial.serialutil.SerialException: device reports readiness to read but returned no data (device disconnected or multiple access on port?)
[ERROR] [1783862100.144086882] [lidar_driver]: LiDAR serial read failed: serial.serialutil.SerialException: device reports readiness to read but returned no data (device disconnected or multiple access on port?)
[ERROR] [1783862101.179555753] [lidar_driver]: LiDAR serial read failed: serial.serialutil.SerialException: device reports readiness to read but returned no data (device disconnected or multiple access on port?)
[ERROR] [1783862102.197251186] [lidar_driver]: LiDAR serial read failed: serial.serialutil.SerialException: device reports readiness to read but returned no data (device disconnected or multiple access on port?)
[ERROR] [1783862103.200098678] [lidar_driver]: LiDAR serial read failed: serial.serialutil.SerialException: device reports readiness to read but returned no data (device disconnected or multiple access on port?)
[ERROR] [1783862104.200169840] [lidar_driver]: LiDAR serial read failed: serial.serialutil.SerialException: device reports readiness to read but returned no data (device disconnected or multiple access on port?)
[ERROR] [1783862106.545422884] [lidar_driver]: LiDAR serial read failed: serial.serialutil.SerialException: device reports readiness to read but returned no data (device disconnected or multiple access on port?)
Traceback (most recent call last):
  File "/root/rober/onboard/install/ros2_trashbot_hardware/lib/ros2_trashbot_hardware/lidar_driver", line 33, in <module>
    sys.exit(load_entry_point('ros2-trashbot-hardware', 'console_scripts', 'lidar_driver')())
  File "/root/rober/onboard/build/ros2_trashbot_hardware/ros2_trashbot_hardware/lidar_driver.py", line 657, in main
    rclpy.shutdown()
  File "/opt/ros/humble/local/lib/python3.10/dist-packages/rclpy/__init__.py", line 130, in shutdown
    _shutdown(context=context)
  File "/opt/ros/humble/local/lib/python3.10/dist-packages/rclpy/utilities.py", line 58, in shutdown
    return context.shutdown()
  File "/opt/ros/humble/local/lib/python3.10/dist-packages/rclpy/context.py", line 102, in shutdown
    self.__context.shutdown()
rclpy._rclpy_pybind11.RCLError: failed to shutdown: rcl_shutdown already called on the given context, at ./src/rcl/init.c:241
