capture_dir=/tmp/rober_motion_feedback_capture_20260610_014320
status_after:
{"schema": "trashbot.upper_robot_api.v1.base_status", "generated_at_ms": 1781027051839, "vendor_sources": ["docs/vendor/VENDOR_INDEX.md", "docs/vendor/waveshare_wave_rover/ugv_rpi/base_ctrl.py", "docs/vendor/waveshare_wave_rover/WAVE_ROVER_V0.9/json_cmd.h"], "port": "/dev/ttyS5", "baudrate": 115200, "port_info": {"path": "/dev/ttyS5", "exists": true, "lexists": true, "is_symlink": false, "realpath": "/dev/ttyS5", "error": null, "mode_octal": "0o660", "uid": 0, "gid": 20}, "pyserial_available": true, "pyserial_error": null, "write_control_available": true, "feedback_ack": {"t1001_observed": true, "robot_ack_connected": false, "source": "fresh_readback", "reason": "T=1001 observed by this /api/base/status non-motion T=130 readback"}, "feedback_readback": {"schema": "trashbot.upper_robot_api.v1.base_feedback_request_result", "generated_at_ms": 1781027051838, "vendor_sources": ["docs/vendor/VENDOR_INDEX.md", "docs/vendor/waveshare_wave_rover/ugv_rpi/base_ctrl.py", "docs/vendor/waveshare_wave_rover/WAVE_ROVER_V0.9/json_cmd.h"], "port": "/dev/ttyS5", "baudrate": 115200, "request": {"method": "POST", "endpoint": "/api/base/feedback-request", "command": {"T": 130}, "read_timeout_s": 0.2, "read_window_s": 1.2}, "serial_open": {"ok": true, "port": "/dev/ttyS5", "baudrate": 115200, "timeout_s": 0.2}, "serial_write": {"ok": true, "command": {"T": 130}, "bytes_written": 10}, "serial_read": {"ok": true, "window_s": 1.2, "error": null}, "read_line_count": 6, "parsed_json_count": 1, "invalid_json_count": 5, "observed_feedback_types": [1001], "t1001_feedback_status": "observed", "feedback_ack": {"t1001_observed": true, "robot_ack_connected": false, "reason": "T=1001 observed after explicit T=130 request; this is vendor feedback material, not project robot ACK or HIL proof"}, "blocked_commands_not_sent": ["T=1", "T=13", "T=131", "cmd_vel", "/api/base/manual"], "safe_to_control": false, "sends_commands": true, "sends_motion_commands": false, "robot_control_executed": false, "delivery_success": false, "hil_pass": false, "primary_actions_enabled": false}, "feedback_samples_latest": {"schema": "trashbot.upper_robot_api.v1.base_feedback_samples_latest_summary", "generated_at_ms": 1781027050229, "endpoint": "/api/base/feedback-samples/latest", "artifact": {"path": "runtime/base_feedback_samples_latest.json", "configured_by": "ROBER_BASE_FEEDBACK_SAMPLES_ARTIFACT_PATH or --feedback-samples-artifact-path", "format": "json", "schema": "trashbot.upper_robot_api.v1.base_feedback_samples_result", "ok": true, "status": "loaded", "mtime_ms": 1780572584310, "age_ms": 454465919, "updated_at_ms": 1780572584313, "bytes_read": 4989}, "freshness": {"status": "stale", "stale_after_ms": 900000, "basis": "artifact_mtime_only_material_freshness_not_hil_or_safe_to_control"}, "latest_t1001_observed_count": 3, "latest_all_samples_observed_t1001": true, "readback_sends_commands": false, "sends_commands": false, "sends_motion_commands": false, "robot_control_executed": false, "delivery_success": false, "hil_pass": false, "safe_to_control": false, "primary_actions_enabled": false}, "control_policy": {"mode": "low_speed_pulse_with_auto_stop", "max_speed": 0.12, "max_pulse_ms": 800, "stop_command": {"T": 1, "L": 0, "R": 0}}, "readback_sends_commands": true, "sends_commands": true, "sends_motion_commands": false, "safe_to_control": false, "delivery_success": false, "primary_actions_enabled": false, "robot_control_executed": false, "cloud_relay": false}
summary:
{
  "schema": "rober.motion_feedback_alignment.v1",
  "generated_at_ms": 1781027052079,
  "vendor_sources": [
    "docs/vendor/VENDOR_INDEX.md",
    "docs/vendor/waveshare_wave_rover/ugv_rpi/base_ctrl.py",
    "docs/vendor/waveshare_wave_rover/WAVE_ROVER_V0.9/json_cmd.h",
    "docs/vendor/waveshare_wave_rover/WAVE_ROVER_V0.9/uart_ctrl.h",
    "docs/vendor/waveshare_wave_rover/WAVE_ROVER_V0.9/ugv_advance.h"
  ],
  "requested_bridge_params": {
    "serial_port": "/dev/ttyS5",
    "serial_baudrate": 115200,
    "command_mode": "speed",
    "feedback_interval_ms": 100,
    "publish_odom_tf": true
  },
  "motion_command": {
    "linear_x_mps": 0.03,
    "nonzero_duration_target_s": 0.25,
    "zero_command_sent": true,
    "trashbot_stop_called": true
  },
  "evidence_boundary": "Bounded run waits for /cmd_vel subscription and proves ROS command integration if odom/tf x are nonzero. T=1001.L/R nonzero remains unproven because current bridge does not expose raw L/R and prior direct raw UART retry produced corrupted/incomplete lines.",
  "observed": {
    "status_before.json": {
      "feedback_ack_t1001_observed": true,
      "feedback_readback_t1001_status": "observed",
      "read_line_count": 13,
      "parsed_json_count": 13
    },
    "status_after.json": {
      "feedback_ack_t1001_observed": true,
      "feedback_readback_t1001_status": "observed",
      "read_line_count": 6,
      "parsed_json_count": 1
    },
    "subscription_count_before_pulse": 1,
    "nonzero_duration_s": 0.260472,
    "nonzero_duration_lte_0_3s": true,
    "odom_nonzero_translation_or_pose_text": false,
    "tf_odom_base_link_nonzero_text": false,
    "battery_topic_sample_present": true,
    "imu_topic_sample_present": true,
    "stop_service_success_text": true,
    "bridge_connected_text": true
  },
  "t1001_lr_motion_window": {
    "left_nonzero_proven": false,
    "right_nonzero_proven": false,
    "raw_t1001_lines_available": false,
    "reason": "No valid raw T=1001 line with nonzero L/R was captured during the bounded bridge motion window."
  }
}
