header:
  stamp:
    sec: 1781035691
    nanosec: 609291092
  frame_id: laser_frame
angle_min: 0.028361599892377853
angle_max: 3.1484103202819824
angle_increment: 0.01714312471449375
time_increment: 9.999999747378752e-05
scan_time: 0.10000000149011612
range_min: 0.05000000074505806
range_max: 8.0
ranges:
- 5.491250038146973
- 1.4630000591278076
- 1.4110000133514404
- 1.3389999866485596
- 5.80649995803833
- 1.1640000343322754
- 1.1059999465942383
- 1.0420000553131104
- 1.062000036239624
- 1.0700000524520874
- 1.0820000171661377
- 1.093999981880188
- 6.3147501945495605
- 1.1089999675750732
- 1.11899995803833
- 1.1360000371932983
- 2.194999933242798
- 2.2090001106262207
- 2.2339999675750732
- 2.260999917984009
- 7.502500057220459
- 2.306999921798706
- 2.3359999656677246
- 2.36899995803833
- 2.556999921798706
- 2.493000030517578
- 2.4749999046325684
- 6.065999984741211
- 2.9560000896453857
- 3.009999990463257
- 3.062999963760376
- 3.125999927520752
- 3.1559998989105225
- 2.822999954223633
- 3.2939999103546143
- 4.96999979019165
- 2.816999912261963
- 3.489000082015991
- 3.571000099182129
- 3.6610000133514404
- 3.7109999656677246
- 3.815000057220459
- 3.9179999828338623
- 6.046999931335449
- 4.0970001220703125
- 4.2230000495910645
- 4.357999801635742
- 4.499000072479248
- 4.576000213623047
- 4.735000133514404
- 4.9070000648498535
- 3.114500045776367
- 5.013999938964844
- 4.974999904632568
- 4.932000160217285
- 4.896999835968018
- 4.880000114440918
- 2.5420000553131104
- 2.5269999504089355
- 5.525000095367432
- 2.502000093460083
- 1.1449999809265137
- 1.128000020980835
- 1.1150000095367432
- 1.1089999675750732
- 1.097000002861023
- 1.0839999914169312
- 5.74875020980835
- 1.069000005722046
- 1.0609999895095825
- 1.0529999732971191
- 1.0460000038146973
- 1.0440000295639038
- 1.0440000295639038
- 1.0520000457763672
- 4.910749912261963
- 1.1390000581741333
- 1.215999960899353
- 1.2389999628067017
- 1.222000002861023
- 1.1069999933242798
- 0.9589999914169312
- 0.9599999785423279
- 5.554749965667725
- 0.875
- 0.8659999966621399
- 0.9419999718666077
- 1.2009999752044678
- 0.8309999704360962
- 0.8579999804496765
- 4.500249862670898
- 1.184000015258789
- 1.187000036239624
- 1.2929999828338623
- 1.25600004196167
- 1.0460000038146973
- 1.0379999876022339
- 1.0449999570846558
- 5.677750110626221
- 1.0700000524520874
- 1.0670000314712524
- 1.0210000276565552
- 0.9779999852180481
- 0.9599999785423279
- 0.9200000166893005
- 0.7749999761581421
- 5.690999984741211
- 0.8209999799728394
- 0.8140000104904175
- 0.7870000004768372
- 0.7639999985694885
- 0.753000020980835
- 0.7319999933242798
- 0.7089999914169312
- 5.5945000648498535
- 0.6769999861717224
- 0.6620000004768372
- 0.5210000276565552
- 0.5979999899864197
- 0.5640000104904175
- 0.2919999957084656
- 5.802499771118164
- 0.28299999237060547
- 0.28999999165534973
- 0.2919999957084656
- 0.5360000133514404
- 0.5260000228881836
- 0.03500000014901161
- '...'
intensities:
- 186.0
- 212.0
- 204.0
- 101.0
- 28.0
- 28.0
- 138.0
- 179.0
- 247.0
- 251.0
- 252.0
- 251.0
- 250.0
- 249.0
- 146.0
- 101.0
- 101.0
- 97.0
- 91.0
- 90.0
- 90.0
- 85.0
- 82.0
- 114.0
- 51.0
- 58.0
- 21.0
- 200.0
- 201.0
- 196.0
- 192.0
- 189.0
- 107.0
- 190.0
- 175.0
- 63.0
- 189.0
- 182.0
- 182.0
- 182.0
- 182.0
- 169.0
- 159.0
- 160.0
- 152.0
- 142.0
- 133.0
- 130.0
- 133.0
- 125.0
- 159.0
- 151.0
- 146.0
- 145.0
- 157.0
- 149.0
- 218.0
- 221.0
- 219.0
- 216.0
- 240.0
- 243.0
- 245.0
- 245.0
- 243.0
- 240.0
- 242.0
- 244.0
- 247.0
- 248.0
- 245.0
- 243.0
- 238.0
- 211.0
- 213.0
- 223.0
- 225.0
- 236.0
- 218.0
- 161.0
- 199.0
- 236.0
- 229.0
- 208.0
- 240.0
- 235.0
- 188.0
- 21.0
- 40.0
- 232.0
- 233.0
- 234.0
- 203.0
- 169.0
- 112.0
- 196.0
- 232.0
- 244.0
- 212.0
- 207.0
- 216.0
- 215.0
- 220.0
- 217.0
- 166.0
- 194.0
- 210.0
- 233.0
- 237.0
- 242.0
- 242.0
- 243.0
- 236.0
- 229.0
- 230.0
- 230.0
- 163.0
- 60.0
- 45.0
- 53.0
- 255.0
- 255.0
- 237.0
- 123.0
- 138.0
- 105.0
- 143.0
- 142.0
- '...'
---
