[INFO] [1781041535.486423040] [amcl]: 
	amcl lifecycle node launched. 
	Waiting on external lifecycle transitions to activate
	See https://design.ros2.org/articles/node_lifecycle.html for more information.
[INFO] [1781041535.488596658] [amcl]: Creating
[INFO] [1781041539.176496079] [amcl]: Configuring
[INFO] [1781041539.176828286] [amcl]: initTransforms
[INFO] [1781041539.246805730] [amcl]: initPubSub
[INFO] [1781041539.293638581] [amcl]: Subscribed to map topic.
[INFO] [1781041540.171762867] [amcl]: Received a 237 X 126 map @ 0.050 m/pix
[INFO] [1781041540.306754396] [amcl]: Activating
[INFO] [1781041540.306938478] [amcl]: Creating bond (amcl) to lifecycle manager.
[INFO] [1781041540.343077572] [amcl]: createLaserObject
[WARN] [1781041541.178445244] [amcl]: AMCL cannot publish a pose or update the transform. Please set the initial pose...
[WARN] [1781041543.265773388] [amcl]: AMCL cannot publish a pose or update the transform. Please set the initial pose...
[WARN] [1781041545.335045173] [amcl]: AMCL cannot publish a pose or update the transform. Please set the initial pose...
[WARN] [1781041547.414271842] [amcl]: AMCL cannot publish a pose or update the transform. Please set the initial pose...
[WARN] [1781041549.414889845] [amcl]: AMCL cannot publish a pose or update the transform. Please set the initial pose...
[WARN] [1781041551.494163098] [amcl]: AMCL cannot publish a pose or update the transform. Please set the initial pose...
[WARN] [1781041553.497250593] [amcl]: AMCL cannot publish a pose or update the transform. Please set the initial pose...
[WARN] [1781041555.575015976] [amcl]: AMCL cannot publish a pose or update the transform. Please set the initial pose...
[WARN] [1781041557.659585503] [amcl]: AMCL cannot publish a pose or update the transform. Please set the initial pose...
[WARN] [1781041559.732841400] [amcl]: AMCL cannot publish a pose or update the transform. Please set the initial pose...
[WARN] [1781041561.809065579] [amcl]: AMCL cannot publish a pose or update the transform. Please set the initial pose...
[WARN] [1781041563.899612296] [amcl]: AMCL cannot publish a pose or update the transform. Please set the initial pose...
[WARN] [1781041565.969546870] [amcl]: AMCL cannot publish a pose or update the transform. Please set the initial pose...
[WARN] [1781041567.979288469] [amcl]: AMCL cannot publish a pose or update the transform. Please set the initial pose...
[WARN] [1781041570.041342235] [amcl]: AMCL cannot publish a pose or update the transform. Please set the initial pose...
[WARN] [1781041572.043120860] [amcl]: AMCL cannot publish a pose or update the transform. Please set the initial pose...
[WARN] [1781041574.048833264] [amcl]: AMCL cannot publish a pose or update the transform. Please set the initial pose...
[WARN] [1781041576.137823777] [amcl]: AMCL cannot publish a pose or update the transform. Please set the initial pose...
[WARN] [1781041578.200242375] [amcl]: AMCL cannot publish a pose or update the transform. Please set the initial pose...
[WARN] [1781041580.290504301] [amcl]: AMCL cannot publish a pose or update the transform. Please set the initial pose...
[WARN] [1781041582.373830666] [amcl]: AMCL cannot publish a pose or update the transform. Please set the initial pose...
[WARN] [1781041584.447098313] [amcl]: AMCL cannot publish a pose or update the transform. Please set the initial pose...
[WARN] [1781041586.525106986] [amcl]: AMCL cannot publish a pose or update the transform. Please set the initial pose...
[WARN] [1781041588.532081386] [amcl]: AMCL cannot publish a pose or update the transform. Please set the initial pose...
[WARN] [1781041590.605848114] [amcl]: AMCL cannot publish a pose or update the transform. Please set the initial pose...
[WARN] [1781041592.694084130] [amcl]: AMCL cannot publish a pose or update the transform. Please set the initial pose...
[WARN] [1781041594.764240037] [amcl]: AMCL cannot publish a pose or update the transform. Please set the initial pose...
[WARN] [1781041596.771737768] [amcl]: AMCL cannot publish a pose or update the transform. Please set the initial pose...
[WARN] [1781041598.834769031] [amcl]: AMCL cannot publish a pose or update the transform. Please set the initial pose...
[WARN] [1781041600.841927347] [amcl]: AMCL cannot publish a pose or update the transform. Please set the initial pose...
[WARN] [1781041602.926641290] [amcl]: AMCL cannot publish a pose or update the transform. Please set the initial pose...
[WARN] [1781041604.994521621] [amcl]: AMCL cannot publish a pose or update the transform. Please set the initial pose...
[WARN] [1781041607.007373835] [amcl]: AMCL cannot publish a pose or update the transform. Please set the initial pose...
[WARN] [1781041609.082651392] [amcl]: AMCL cannot publish a pose or update the transform. Please set the initial pose...
[WARN] [1781041611.165193176] [amcl]: AMCL cannot publish a pose or update the transform. Please set the initial pose...
[WARN] [1781041613.241702313] [amcl]: AMCL cannot publish a pose or update the transform. Please set the initial pose...
[WARN] [1781041615.317363494] [amcl]: AMCL cannot publish a pose or update the transform. Please set the initial pose...
[WARN] [1781041617.407395212] [amcl]: AMCL cannot publish a pose or update the transform. Please set the initial pose...
[WARN] [1781041619.477524577] [amcl]: AMCL cannot publish a pose or update the transform. Please set the initial pose...
[WARN] [1781041621.566905506] [amcl]: AMCL cannot publish a pose or update the transform. Please set the initial pose...
[WARN] [1781041623.639893571] [amcl]: AMCL cannot publish a pose or update the transform. Please set the initial pose...
[WARN] [1781041625.722051522] [amcl]: AMCL cannot publish a pose or update the transform. Please set the initial pose...
[WARN] [1781041627.789178897] [amcl]: AMCL cannot publish a pose or update the transform. Please set the initial pose...
[WARN] [1781041629.803285066] [amcl]: AMCL cannot publish a pose or update the transform. Please set the initial pose...
[WARN] [1781041631.876183630] [amcl]: AMCL cannot publish a pose or update the transform. Please set the initial pose...
[WARN] [1781041633.883586654] [amcl]: AMCL cannot publish a pose or update the transform. Please set the initial pose...
[WARN] [1781041635.944629339] [amcl]: AMCL cannot publish a pose or update the transform. Please set the initial pose...
[WARN] [1781041637.952337570] [amcl]: AMCL cannot publish a pose or update the transform. Please set the initial pose...
[WARN] [1781041639.962686292] [amcl]: AMCL cannot publish a pose or update the transform. Please set the initial pose...
[WARN] [1781041642.030010875] [amcl]: AMCL cannot publish a pose or update the transform. Please set the initial pose...
[WARN] [1781041644.038422311] [amcl]: AMCL cannot publish a pose or update the transform. Please set the initial pose...
[WARN] [1781041646.114977573] [amcl]: AMCL cannot publish a pose or update the transform. Please set the initial pose...
[WARN] [1781041648.189680048] [amcl]: AMCL cannot publish a pose or update the transform. Please set the initial pose...
[WARN] [1781041650.196853656] [amcl]: AMCL cannot publish a pose or update the transform. Please set the initial pose...
[WARN] [1781041652.263384907] [amcl]: AMCL cannot publish a pose or update the transform. Please set the initial pose...
[WARN] [1781041654.265388198] [amcl]: AMCL cannot publish a pose or update the transform. Please set the initial pose...
[WARN] [1781041656.270315979] [amcl]: AMCL cannot publish a pose or update the transform. Please set the initial pose...
[WARN] [1781041658.337364687] [amcl]: AMCL cannot publish a pose or update the transform. Please set the initial pose...
[WARN] [1781041660.347617160] [amcl]: AMCL cannot publish a pose or update the transform. Please set the initial pose...
[WARN] [1781041662.353530438] [amcl]: AMCL cannot publish a pose or update the transform. Please set the initial pose...
[WARN] [1781041664.414268875] [amcl]: AMCL cannot publish a pose or update the transform. Please set the initial pose...
[WARN] [1781041666.428482751] [amcl]: AMCL cannot publish a pose or update the transform. Please set the initial pose...
[WARN] [1781041668.500919859] [amcl]: AMCL cannot publish a pose or update the transform. Please set the initial pose...
[WARN] [1781041670.506924303] [amcl]: AMCL cannot publish a pose or update the transform. Please set the initial pose...
[WARN] [1781041672.583405523] [amcl]: AMCL cannot publish a pose or update the transform. Please set the initial pose...
[WARN] [1781041674.586506352] [amcl]: AMCL cannot publish a pose or update the transform. Please set the initial pose...
[WARN] [1781041676.660054290] [amcl]: AMCL cannot publish a pose or update the transform. Please set the initial pose...
[WARN] [1781041678.737425548] [amcl]: AMCL cannot publish a pose or update the transform. Please set the initial pose...
[WARN] [1781041680.828822554] [amcl]: AMCL cannot publish a pose or update the transform. Please set the initial pose...
[WARN] [1781041682.902105743] [amcl]: AMCL cannot publish a pose or update the transform. Please set the initial pose...
[WARN] [1781041684.978214339] [amcl]: AMCL cannot publish a pose or update the transform. Please set the initial pose...
[WARN] [1781041687.066918186] [amcl]: AMCL cannot publish a pose or update the transform. Please set the initial pose...
[WARN] [1781041689.140706998] [amcl]: AMCL cannot publish a pose or update the transform. Please set the initial pose...
[WARN] [1781041691.141139085] [amcl]: AMCL cannot publish a pose or update the transform. Please set the initial pose...
[WARN] [1781041693.215569604] [amcl]: AMCL cannot publish a pose or update the transform. Please set the initial pose...
[WARN] [1781041695.232150931] [amcl]: AMCL cannot publish a pose or update the transform. Please set the initial pose...
[WARN] [1781041697.306629949] [amcl]: AMCL cannot publish a pose or update the transform. Please set the initial pose...
[WARN] [1781041699.392051140] [amcl]: AMCL cannot publish a pose or update the transform. Please set the initial pose...
[WARN] [1781041701.458539975] [amcl]: AMCL cannot publish a pose or update the transform. Please set the initial pose...
[WARN] [1781041703.466719121] [amcl]: AMCL cannot publish a pose or update the transform. Please set the initial pose...
[WARN] [1781041705.468845995] [amcl]: AMCL cannot publish a pose or update the transform. Please set the initial pose...
[WARN] [1781041707.527167064] [amcl]: AMCL cannot publish a pose or update the transform. Please set the initial pose...
[WARN] [1781041709.623039681] [amcl]: AMCL cannot publish a pose or update the transform. Please set the initial pose...
[WARN] [1781041711.690884345] [amcl]: AMCL cannot publish a pose or update the transform. Please set the initial pose...
[WARN] [1781041713.697650453] [amcl]: AMCL cannot publish a pose or update the transform. Please set the initial pose...
[WARN] [1781041715.698567581] [amcl]: AMCL cannot publish a pose or update the transform. Please set the initial pose...
[WARN] [1781041717.764823541] [amcl]: AMCL cannot publish a pose or update the transform. Please set the initial pose...
[WARN] [1781041719.778982002] [amcl]: AMCL cannot publish a pose or update the transform. Please set the initial pose...
[WARN] [1781041721.779438630] [amcl]: AMCL cannot publish a pose or update the transform. Please set the initial pose...
[WARN] [1781041723.851011699] [amcl]: AMCL cannot publish a pose or update the transform. Please set the initial pose...
[WARN] [1781041725.852920282] [amcl]: AMCL cannot publish a pose or update the transform. Please set the initial pose...
[WARN] [1781041727.853464327] [amcl]: AMCL cannot publish a pose or update the transform. Please set the initial pose...
[WARN] [1781041729.919096248] [amcl]: AMCL cannot publish a pose or update the transform. Please set the initial pose...
[WARN] [1781041731.929753969] [amcl]: AMCL cannot publish a pose or update the transform. Please set the initial pose...
[WARN] [1781041733.935564414] [amcl]: AMCL cannot publish a pose or update the transform. Please set the initial pose...
[WARN] [1781041736.014252377] [amcl]: AMCL cannot publish a pose or update the transform. Please set the initial pose...
[WARN] [1781041738.085001324] [amcl]: AMCL cannot publish a pose or update the transform. Please set the initial pose...
[WARN] [1781041740.090657602] [amcl]: AMCL cannot publish a pose or update the transform. Please set the initial pose...
[WARN] [1781041742.156721731] [amcl]: AMCL cannot publish a pose or update the transform. Please set the initial pose...
[WARN] [1781041744.245281204] [amcl]: AMCL cannot publish a pose or update the transform. Please set the initial pose...
[WARN] [1781041746.330088897] [amcl]: AMCL cannot publish a pose or update the transform. Please set the initial pose...
[WARN] [1781041748.415978587] [amcl]: AMCL cannot publish a pose or update the transform. Please set the initial pose...
[WARN] [1781041750.418683250] [amcl]: AMCL cannot publish a pose or update the transform. Please set the initial pose...
[WARN] [1781041752.487822619] [amcl]: AMCL cannot publish a pose or update the transform. Please set the initial pose...
[WARN] [1781041754.491623945] [amcl]: AMCL cannot publish a pose or update the transform. Please set the initial pose...
[WARN] [1781041756.530762575] [amcl]: AMCL cannot publish a pose or update the transform. Please set the initial pose...
[WARN] [1781041758.566178843] [amcl]: AMCL cannot publish a pose or update the transform. Please set the initial pose...
[WARN] [1781041760.574760654] [amcl]: AMCL cannot publish a pose or update the transform. Please set the initial pose...
[WARN] [1781041762.634019970] [amcl]: AMCL cannot publish a pose or update the transform. Please set the initial pose...
[WARN] [1781041764.638414128] [amcl]: AMCL cannot publish a pose or update the transform. Please set the initial pose...
[WARN] [1781041766.651802633] [amcl]: AMCL cannot publish a pose or update the transform. Please set the initial pose...
[WARN] [1781041768.720133795] [amcl]: AMCL cannot publish a pose or update the transform. Please set the initial pose...
[WARN] [1781041770.811161260] [amcl]: AMCL cannot publish a pose or update the transform. Please set the initial pose...
[WARN] [1781041772.880881418] [amcl]: AMCL cannot publish a pose or update the transform. Please set the initial pose...
[WARN] [1781041774.891114891] [amcl]: AMCL cannot publish a pose or update the transform. Please set the initial pose...
[WARN] [1781041776.963695165] [amcl]: AMCL cannot publish a pose or update the transform. Please set the initial pose...
[WARN] [1781041779.294360659] [amcl]: AMCL cannot publish a pose or update the transform. Please set the initial pose...
[WARN] [1781041781.310577571] [amcl]: AMCL cannot publish a pose or update the transform. Please set the initial pose...
[WARN] [1781041783.378227277] [amcl]: AMCL cannot publish a pose or update the transform. Please set the initial pose...
[WARN] [1781041785.466234502] [amcl]: AMCL cannot publish a pose or update the transform. Please set the initial pose...
[WARN] [1781041787.550493155] [amcl]: AMCL cannot publish a pose or update the transform. Please set the initial pose...
[WARN] [1781041789.619209233] [amcl]: AMCL cannot publish a pose or update the transform. Please set the initial pose...
[WARN] [1781041791.708977328] [amcl]: AMCL cannot publish a pose or update the transform. Please set the initial pose...
[WARN] [1781041793.718064471] [amcl]: AMCL cannot publish a pose or update the transform. Please set the initial pose...
[WARN] [1781041795.783474434] [amcl]: AMCL cannot publish a pose or update the transform. Please set the initial pose...
[WARN] [1781041797.791012915] [amcl]: AMCL cannot publish a pose or update the transform. Please set the initial pose...
[WARN] [1781041799.855218216] [amcl]: AMCL cannot publish a pose or update the transform. Please set the initial pose...
[WARN] [1781041801.957371479] [amcl]: AMCL cannot publish a pose or update the transform. Please set the initial pose...
[WARN] [1781041804.024874478] [amcl]: AMCL cannot publish a pose or update the transform. Please set the initial pose...
[WARN] [1781041806.029052178] [amcl]: AMCL cannot publish a pose or update the transform. Please set the initial pose...
[WARN] [1781041808.098256879] [amcl]: AMCL cannot publish a pose or update the transform. Please set the initial pose...
[WARN] [1781041810.194057246] [amcl]: AMCL cannot publish a pose or update the transform. Please set the initial pose...
[WARN] [1781041812.254729475] [amcl]: AMCL cannot publish a pose or update the transform. Please set the initial pose...
[WARN] [1781041814.267924021] [amcl]: AMCL cannot publish a pose or update the transform. Please set the initial pose...
[WARN] [1781041816.353472046] [amcl]: AMCL cannot publish a pose or update the transform. Please set the initial pose...
[WARN] [1781041818.434664167] [amcl]: AMCL cannot publish a pose or update the transform. Please set the initial pose...
[WARN] [1781041820.517554658] [amcl]: AMCL cannot publish a pose or update the transform. Please set the initial pose...
[WARN] [1781041822.584120243] [amcl]: AMCL cannot publish a pose or update the transform. Please set the initial pose...
[WARN] [1781041824.666706319] [amcl]: AMCL cannot publish a pose or update the transform. Please set the initial pose...
[WARN] [1781041826.680737237] [amcl]: AMCL cannot publish a pose or update the transform. Please set the initial pose...
[WARN] [1781041828.749305608] [amcl]: AMCL cannot publish a pose or update the transform. Please set the initial pose...
[WARN] [1781041830.843721270] [amcl]: AMCL cannot publish a pose or update the transform. Please set the initial pose...
[INFO] [1781041831.234027986] [rclcpp]: signal_handler(SIGINT/SIGTERM)
[INFO] [1781041831.234371860] [amcl]: Running Nav2 LifecycleNode rcl preshutdown (amcl)
[INFO] [1781041831.234676234] [amcl]: Deactivating
[INFO] [1781041831.234772608] [amcl]: Destroying bond (amcl) to lifecycle manager.
[INFO] [1781041831.279407174] [amcl]: Cleaning up
[INFO] [1781041831.496210609] [amcl]: Destroying bond (amcl) to lifecycle manager.
[INFO] [1781041831.522247651] [amcl]: Destroying
