header:
  stamp:
    sec: 1781041789
    nanosec: 285095589
  frame_id: laser_frame
angle_min: 0.015271631069481373
angle_max: 3.1336841583251953
angle_increment: 0.01732451468706131
time_increment: 9.999999747378752e-05
scan_time: 0.10000000149011612
range_min: 0.05000000074505806
range_max: 8.0
ranges:
- 5.9317498207092285
- 1.5789999961853027
- 1.4609999656677246
- 1.3910000324249268
- 5.922500133514404
- 1.2799999713897705
- 1.1519999504089355
- 1.093000054359436
- 1.0479999780654907
- 1.059000015258789
- 1.0740000009536743
- 1.0839999914169312
- 7.264249801635742
- 1.0980000495910645
- 1.1089999675750732
- 1.1200000047683716
- 1.1369999647140503
- 2.2109999656677246
- 2.239000082015991
- 5.5355000495910645
- 2.2790000438690186
- 2.308000087738037
- 2.3350000381469727
- 2.368000030517578
- 2.5420000553131104
- 2.494999885559082
- 2.4700000286102295
- 7.14300012588501
- 2.9100000858306885
- 2.9590001106262207
- 3.01200008392334
- 3.069999933242798
- 3.0950000286102295
- 3.1570000648498535
- 2.828000068664551
- 5.953499794006348
- 2.8499999046325684
- 2.822000026702881
- 3.490999937057495
- 3.572999954223633
- 3.615999937057495
- 3.7119998931884766
- 3.809999942779541
- 5.4392499923706055
- 3.9769999980926514
- 4.0920000076293945
- 4.218999862670898
- 4.35099983215332
- 4.422999858856201
- 4.566999912261963
- 4.73199987411499
- 5.693999767303467
- 4.99399995803833
- 5.013999938964844
- 4.97599983215332
- 4.934999942779541
- 4.914999961853027
- 4.880000114440918
- 2.5399999618530273
- 6.145750045776367
- 2.5160000324249268
- 2.497999906539917
- 1.1469999551773071
- 1.128000020980835
- 1.121000051498413
- 1.1069999933242798
- 1.0950000286102295
- 5.732250213623047
- 1.0779999494552612
- 1.0670000314712524
- 1.0579999685287476
- 1.0490000247955322
- 1.0460000038146973
- 1.0410000085830688
- 1.0399999618530273
- 5.1504998207092285
- 1.069000005722046
- 1.1519999504089355
- 1.2209999561309814
- 1.2380000352859497
- 1.2369999885559082
- 1.1009999513626099
- 0.9580000042915344
- 4.291999816894531
- 0.9570000171661377
- 0.8849999904632568
- 0.8650000095367432
- 0.9409999847412109
- 0.9559999704360962
- 1.1959999799728394
- 0.8309999704360962
- 6.142749786376953
- 1.1779999732971191
- 1.1779999732971191
- 1.180999994277954
- 1.2899999618530273
- 1.2799999713897705
- 1.218999981880188
- 1.0360000133514404
- 4.274750232696533
- 1.0429999828338623
- 1.065999984741211
- 1.0679999589920044
- 1.0219999551773071
- 1.0
- 0.9589999914169312
- 0.921999990940094
- 6.07450008392334
- 0.7789999842643738
- 0.8259999752044678
- 0.8140000104904175
- 0.7870000004768372
- 0.7749999761581421
- 0.753000020980835
- 0.7300000190734863
- 5.716000080108643
- 0.6949999928474426
- 0.6769999861717224
- 0.6549999713897705
- 0.5090000033378601
- 0.5590000152587891
- 0.6069999933242798
- 5.703999996185303
- 0.28299999237060547
- 0.27900001406669617
- 0.28600001335144043
- 0.28999999165534973
- 0.5389999747276306
- '...'
intensities:
- 182.0
- 209.0
- 204.0
- 206.0
- 136.0
- 30.0
- 29.0
- 59.0
- 52.0
- 254.0
- 252.0
- 252.0
- 251.0
- 251.0
- 247.0
- 55.0
- 26.0
- 97.0
- 92.0
- 91.0
- 87.0
- 84.0
- 81.0
- 40.0
- 32.0
- 63.0
- 178.0
- 206.0
- 202.0
- 202.0
- 199.0
- 196.0
- 193.0
- 74.0
- 30.0
- 125.0
- 37.0
- 191.0
- 194.0
- 189.0
- 187.0
- 177.0
- 172.0
- 169.0
- 156.0
- 153.0
- 146.0
- 140.0
- 132.0
- 130.0
- 129.0
- 130.0
- 147.0
- 150.0
- 153.0
- 146.0
- 148.0
- 221.0
- 223.0
- 223.0
- 217.0
- 236.0
- 244.0
- 246.0
- 244.0
- 243.0
- 242.0
- 242.0
- 243.0
- 245.0
- 247.0
- 248.0
- 247.0
- 236.0
- 209.0
- 200.0
- 231.0
- 234.0
- 235.0
- 237.0
- 165.0
- 187.0
- 239.0
- 239.0
- 205.0
- 245.0
- 237.0
- 216.0
- 218.0
- 248.0
- 50.0
- 228.0
- 232.0
- 231.0
- 206.0
- 218.0
- 123.0
- 164.0
- 223.0
- 237.0
- 215.0
- 212.0
- 219.0
- 215.0
- 219.0
- 225.0
- 159.0
- 181.0
- 222.0
- 232.0
- 240.0
- 241.0
- 245.0
- 244.0
- 239.0
- 236.0
- 233.0
- 221.0
- 169.0
- 121.0
- 47.0
- 54.0
- 232.0
- 255.0
- 234.0
- 129.0
- 124.0
- 100.0
- '...'
---
