/esp32_bridge
/battery
/cmd_vel
/imu/data
/odom
/parameter_events
/rosout
/tf
/esp32_bridge/describe_parameters
/esp32_bridge/get_parameter_types
/esp32_bridge/get_parameters
/esp32_bridge/list_parameters
/esp32_bridge/set_parameters
/esp32_bridge/set_parameters_atomically
/trashbot/beep
/trashbot/reset_odom
/trashbot/stop
retry_pulse_started_at=2026-06-10T01:58:46+0800
subscription_count_before_pulse=1
nonzero_publish_unix_s=1781027926.790425
zero_publish_unix_s=1781027927.074006
bounded_window_s=0.25
retry_pulse_finished_at=2026-06-10T01:58:47+0800
retry_stop_service_started_at=2026-06-10T01:58:50+08:00
requester: making request: std_srvs.srv.Trigger_Request()

response:
std_srvs.srv.Trigger_Response(success=True, message='Motors stopped')

retry_stop_service_finished_at=2026-06-10T01:58:52+08:00
