[INFO] [1781023581.039374945] [esp32_bridge]: Connected to WAVE ROVER ESP32 on /dev/ttyS5 @ 115200
[INFO] [1781023581.115682508] [esp32_bridge]: ESP32Bridge ready: vendor WAVE ROVER UART protocol is one UTF-8 JSON object per newline; command_mode=speed; odom source=ROS-side command integration until measured wheel odometry is validated
Traceback (most recent call last):
  File "/root/rober/onboard/build/ros2_trashbot_hardware/ros2_trashbot_hardware/esp32_bridge.py", line 43, in main
    rclpy.spin(node)
  File "/opt/ros/humble/local/lib/python3.10/dist-packages/rclpy/__init__.py", line 229, in spin
    executor.spin_once()
  File "/opt/ros/humble/local/lib/python3.10/dist-packages/rclpy/executors.py", line 808, in spin_once
    self._spin_once_impl(timeout_sec)
  File "/opt/ros/humble/local/lib/python3.10/dist-packages/rclpy/executors.py", line 797, in _spin_once_impl
    handler, entity, node = self.wait_for_ready_callbacks(timeout_sec=timeout_sec)
  File "/opt/ros/humble/local/lib/python3.10/dist-packages/rclpy/executors.py", line 780, in wait_for_ready_callbacks
    return next(self._cb_iter)
  File "/opt/ros/humble/local/lib/python3.10/dist-packages/rclpy/executors.py", line 681, in _wait_for_ready_callbacks
    raise ExternalShutdownException()
rclpy.executors.ExternalShutdownException

During handling of the above exception, another exception occurred:

Traceback (most recent call last):
  File "/root/rober/onboard/install/ros2_trashbot_hardware/lib/ros2_trashbot_hardware/esp32_bridge", line 33, in <module>
    sys.exit(load_entry_point('ros2-trashbot-hardware', 'console_scripts', 'esp32_bridge')())
  File "/root/rober/onboard/build/ros2_trashbot_hardware/ros2_trashbot_hardware/esp32_bridge.py", line 48, in main
    rclpy.shutdown()
  File "/opt/ros/humble/local/lib/python3.10/dist-packages/rclpy/__init__.py", line 130, in shutdown
    _shutdown(context=context)
  File "/opt/ros/humble/local/lib/python3.10/dist-packages/rclpy/utilities.py", line 58, in shutdown
    return context.shutdown()
  File "/opt/ros/humble/local/lib/python3.10/dist-packages/rclpy/context.py", line 102, in shutdown
    self.__context.shutdown()
rclpy._rclpy_pybind11.RCLError: failed to shutdown: rcl_shutdown already called on the given context, at ./src/rcl/init.c:241
