header:
  stamp:
    sec: 1781035229
    nanosec: 283613852
  frame_id: laser_frame
angle_min: 2.962151050567627
angle_max: 6.100743770599365
angle_increment: 0.019616205245256424
time_increment: 9.999999747378752e-05
scan_time: 0.10000000149011612
range_min: 0.05000000074505806
range_max: 8.0
ranges:
- 5.241499900817871
- 0.41499999165534973
- 0.4169999957084656
- 0.4189999997615814
- 0.4189999997615814
- 0.4189999997615814
- 0.4189999997615814
- 0.41999998688697815
- 5.697999954223633
- 0.421999990940094
- 0.42399999499320984
- 0.4259999990463257
- 0.4259999990463257
- 0.4269999861717224
- 0.42800000309944153
- 0.42800000309944153
- 6.113999843597412
- 0.4300000071525574
- 0.4339999854564667
- 0.43799999356269836
- 0.4410000145435333
- 0.4429999887943268
- 0.4480000138282776
- 0.4519999921321869
- 6.034999847412109
- 0.4569999873638153
- 0.45899999141693115
- 0.46299999952316284
- 0.46799999475479126
- 0.4699999988079071
- 0.47600001096725464
- 0.4819999933242798
- 5.189000129699707
- 0.49000000953674316
- 0.4970000088214874
- 0.503000020980835
- 0.5080000162124634
- 0.5109999775886536
- 0.5180000066757202
- 0.5249999761581421
- 5.230000019073486
- 0.5389999747276306
- 0.546999990940094
- 0.5569999814033508
- 0.5590000152587891
- 0.5609999895095825
- 0.5709999799728394
- 0.5830000042915344
- 5.727499961853027
- 0.6019999980926514
- 0.6140000224113464
- 0.6269999742507935
- 0.6209999918937683
- 0.6179999709129333
- 0.6359999775886536
- 0.6579999923706055
- 4.79325008392334
- 0.6940000057220459
- 0.7179999947547913
- 0.7429999709129333
- 0.7730000019073486
- 0.8040000200271606
- 5.644000053405762
- 0.04800000041723251
- 5.204500198364258
- 0.04699999839067459
- 0.04500000178813934
- 0.04399999976158142
- 0.04399999976158142
- 0.04500000178813934
- 0.04800000041723251
- 5.723999977111816
- 0.05299999937415123
- 10.392499923706055
- 0.04500000178813934
- 0.04800000041723251
- 5.761000156402588
- 5.127749919891357
- 1.465000033378601
- 1.4529999494552612
- 1.465000033378601
- 5.758500099182129
- 1.4830000400543213
- 1.4919999837875366
- 1.49399995803833
- 1.5049999952316284
- 1.5160000324249268
- 1.5219999551773071
- 1.5379999876022339
- 4.2442498207092285
- 1.5570000410079956
- 1.5740000009536743
- 1.590000033378601
- 1.6069999933242798
- 1.6050000190734863
- 1.6069999933242798
- 1.6360000371932983
- 5.690249919891357
- 1.6770000457763672
- 1.6929999589920044
- 1.6549999713897705
- 1.6169999837875366
- 1.5980000495910645
- 1.5609999895095825
- 1.527999997138977
- 5.2144999504089355
- 1.4800000190734863
- 1.4520000219345093
- 1.3669999837875366
- 1.3980000019073486
- 1.3919999599456787
- 1.36899995803833
- 1.347000002861023
- 5.701000213623047
- 1.312999963760376
- 1.2929999828338623
- 1.2740000486373901
- 1.2569999694824219
- 1.2480000257492065
- 1.2280000448226929
- 1.2109999656677246
- 5.954500198364258
- 1.190000057220459
- 1.1759999990463257
- 1.1619999408721924
- 1.1480000019073486
- 1.1410000324249268
- 1.128999948501587
- '...'
intensities:
- 255.0
- 255.0
- 255.0
- 255.0
- 255.0
- 255.0
- 255.0
- 255.0
- 255.0
- 255.0
- 255.0
- 255.0
- 255.0
- 255.0
- 255.0
- 255.0
- 255.0
- 255.0
- 255.0
- 255.0
- 255.0
- 255.0
- 255.0
- 255.0
- 255.0
- 255.0
- 255.0
- 255.0
- 255.0
- 255.0
- 255.0
- 255.0
- 255.0
- 255.0
- 255.0
- 255.0
- 255.0
- 255.0
- 255.0
- 255.0
- 255.0
- 255.0
- 255.0
- 255.0
- 255.0
- 255.0
- 255.0
- 255.0
- 255.0
- 254.0
- 252.0
- 206.0
- 164.0
- 225.0
- 202.0
- 208.0
- 208.0
- 187.0
- 165.0
- 153.0
- 119.0
- 21.0
- 21.0
- 21.0
- 21.0
- 21.0
- 21.0
- 21.0
- 21.0
- 21.0
- 21.0
- 21.0
- 21.0
- 21.0
- 21.0
- 21.0
- 21.0
- 70.0
- 156.0
- 196.0
- 217.0
- 221.0
- 226.0
- 203.0
- 162.0
- 143.0
- 149.0
- 203.0
- 191.0
- 186.0
- 182.0
- 187.0
- 194.0
- 112.0
- 142.0
- 155.0
- 223.0
- 228.0
- 236.0
- 231.0
- 230.0
- 234.0
- 235.0
- 237.0
- 238.0
- 239.0
- 234.0
- 141.0
- 205.0
- 207.0
- 212.0
- 218.0
- 220.0
- 222.0
- 223.0
- 225.0
- 229.0
- 229.0
- 230.0
- 230.0
- 232.0
- 233.0
- 233.0
- 233.0
- 234.0
- 234.0
- 233.0
- 233.0
- '...'
---
