3:    "delivery_success": false,
6:    "hil_pass": false,
1449:                        "delivery_success": false,
1450:                        "hil_pass": false,
1452:                        "robot_control_executed": false,
1453:                        "route_execution_success": false,
1454:                        "safe_to_control": false,
4025:        "delivery_success": false,
4200:                "delivery_success": false,
4201:                "hil_pass": false,
4203:                "robot_control_executed": false,
4204:                "route_execution_success": false,
4205:                "safe_to_control": false,
4579:        "hil_pass": false,
6813:                        "delivery_success": false,
6814:                        "hil_pass": false,
6818:                        "robot_control_executed": false,
6819:                        "route_execution_success": false,
6820:                        "safe_to_control": false,
7044:                "delivery_success": false,
7045:                "hil_pass": false,
7049:                "robot_control_executed": false,
7050:                "route_execution_success": false,
7051:                "safe_to_control": false,
7233:                "delivery_success": false,
7234:                "hil_pass": false,
7238:                "robot_control_executed": false,
7239:                "route_execution_success": false,
7240:                "safe_to_control": false,
7512:                "delivery_success": false,
7513:                "hil_pass": false,
7517:                "robot_control_executed": false,
7518:                "route_execution_success": false,
7519:                "safe_to_control": false,
7663:                "delivery_success": false,
7664:                "hil_pass": false,
7668:                "robot_control_executed": false,
7669:                "route_execution_success": false,
7670:                "safe_to_control": false,
7771:                    "delivery_success": false,
7772:                    "hil_pass": false,
7776:                    "robot_control_executed": false,
7777:                    "route_execution_success": false,
7778:                    "safe_to_control": false,
9625:        "robot_control_executed": false,
9776:                        "delivery_success": false,
9777:                        "hil_pass": false,
9781:                        "robot_control_executed": false,
9782:                        "route_execution_success": false,
9783:                        "safe_to_control": false,
9827:                    "delivery_success": false,
9828:                    "hil_pass": false,
9832:                    "robot_control_executed": false,
9833:                    "route_execution_success": false,
9834:                    "safe_to_control": false,
9976:                "delivery_success": false,
9979:                "hil_pass": false,
9983:                "robot_control_executed": false,
9984:                "route_execution_success": false,
9985:                "safe_to_control": false,
10196:        "route_execution_success": false,
10197:        "safe_to_control": false,
10363:                "delivery_success": false,
10364:                "hil_pass": false,
10366:                "robot_control_executed": false,
10367:                "route_execution_success": false,
10368:                "safe_to_control": false,
12279:    "robot_control_executed": false,
12280:    "route_execution_success": false,
12281:    "safe_to_control": false,
